
R version 3.2.3 (2015-12-10) -- "Wooden Christmas-Tree"
Copyright (C) 2015 The R Foundation for Statistical Computing
Platform: x86_64-pc-linux-gnu (64-bit)

R is free software and comes with ABSOLUTELY NO WARRANTY.
You are welcome to redistribute it under certain conditions.
Type 'license()' or 'licence()' for distribution details.

  Natural language support but running in an English locale

R is a collaborative project with many contributors.
Type 'contributors()' for more information and
'citation()' on how to cite R or R packages in publications.

Type 'demo()' for some demos, 'help()' for on-line help, or
'help.start()' for an HTML browser interface to help.
Type 'q()' to quit R.

> ### Preprocessing featureCounts results: genes & exons
> ### Alexis Norris
> ### Created: 2018-02-28 (Andrew Jaffe)
> ### Modified: 2018-03-02
> ### For PFC!
> 
> # IMPORTANT: wd should be "hisat2_hg19"
> setwd("../hisat2_hg19")
> Sys.time()
[1] "2018-03-07 05:41:41 EST"
> 
> # Packages ----------------------------------
> #library(tidyverse) # install failed on cluster
> library(magrittr)
> library(readr)
> 
> 
> # Load lieber_functions_ajr.R ----------------
> # jaffelab pkg requires R >= 3.3.0, so needed to download that 
> #library("devtools")
> #install_github("LieberInstitute/jaffelab") 
> #library("jaffelab")
> ### Issues loading the library on cluster, because updated R won't configure because of zlib not being detected as updated (it should be in path though!)
> ### So load the functions here instead
> ss <- function (x, pattern, slot = 1, ...) {
+     sapply(strsplit(x = x, split = pattern, ...), "[", slot)
+ }
> 
> # Load phenoData -----------------------------
> pd <- read_tsv("featureCounts_phenoData.txt") # must have "totalMapped" column
Parsed with column specification:
cols(
  FileName = col_character(),
  A_Code = col_character(),
  totalMapped = col_integer()
)
> pd$full_path <- paste0("bams/", pd$FileName, ".bam")
> 
> ### Make sure no duplicates
> pd <- pd[!duplicated(pd), ]  
> 
> # LibSize ------------------------------------
> ### Use totalLibSize calculated for qSVA
> print(head(pd))
# A tibble: 6 x 4
  FileName                    A_Code totalMapped full_path                     
  <chr>                       <chr>        <int> <chr>                         
1 PEC_BrainGVEX_UIC-UChicago… A1       123415465 bams/PEC_BrainGVEX_UIC-UChica…
2 PEC_BrainGVEX_UIC-UChicago… A10      114250752 bams/PEC_BrainGVEX_UIC-UChica…
3 PEC_BrainGVEX_UIC-UChicago… A100      88197888 bams/PEC_BrainGVEX_UIC-UChica…
4 PEC_BrainGVEX_UIC-UChicago… A101      59491621 bams/PEC_BrainGVEX_UIC-UChica…
5 PEC_BrainGVEX_UIC-UChicago… A101      27814038 bams/PEC_BrainGVEX_UIC-UChica…
6 PEC_BrainGVEX_UIC-UChicago… A102      82242904 bams/PEC_BrainGVEX_UIC-UChica…
> 
> # Packages -----------------------------------
> library(GenomicRanges)
Loading required package: BiocGenerics
Loading required package: parallel

Attaching package: ‘BiocGenerics’

The following objects are masked from ‘package:parallel’:

    clusterApply, clusterApplyLB, clusterCall, clusterEvalQ,
    clusterExport, clusterMap, parApply, parCapply, parLapply,
    parLapplyLB, parRapply, parSapply, parSapplyLB

The following objects are masked from ‘package:stats’:

    IQR, mad, xtabs

The following objects are masked from ‘package:base’:

    anyDuplicated, append, as.data.frame, as.vector, cbind, colnames,
    do.call, duplicated, eval, evalq, Filter, Find, get, grep, grepl,
    intersect, is.unsorted, lapply, lengths, Map, mapply, match, mget,
    order, paste, pmax, pmax.int, pmin, pmin.int, Position, rank,
    rbind, Reduce, rownames, sapply, setdiff, sort, table, tapply,
    union, unique, unlist, unsplit

Loading required package: S4Vectors
Loading required package: stats4
Loading required package: IRanges
Loading required package: GenomeInfoDb
> library(GenomicFeatures)
Loading required package: AnnotationDbi
Loading required package: Biobase
Welcome to Bioconductor

    Vignettes contain introductory material; view with
    'browseVignettes()'. To cite Bioconductor, see
    'citation("Biobase")', and for packages 'citation("pkgname")'.

> library(org.Hs.eg.db)

> library(biomaRt)
> 
> # Gene Counts --------------------------------
> ### Load gene count files 
> geneFn <- paste0("counts/genes/", 
+                  pd$FileName, 
+                  ".counts")
> names(geneFn) <- pd$FileName
> table(file.exists(geneFn))

TRUE 
 116 
> 
> ### Load gene annotation 
> geneMap <- read.delim(geneFn[1], skip = 1, as.is = TRUE)[ ,1:6]
> rownames(geneMap) <- geneMap$Geneid
> geneMap$Chr <- paste0("chr", ss(geneMap$Chr, ";"))
> geneMap$Start <- as.numeric(ss(geneMap$Start, ";"))
> tmp <- strsplit(geneMap$End, ";")
> geneMap$End <- as.numeric(sapply(tmp, function(x) x[length(x)]))
> geneMap$Strand <- ss(geneMap$Strand, ";")
> geneMap$Geneid <- NULL
> 
> ### Annotate with biomaRt  
> ensembl <- useMart(
+   "ENSEMBL_MART_ENSEMBL", # VERSION 75, hg19
+ 	dataset = "hsapiens_gene_ensembl",
+ 	host = "feb2014.archive.ensembl.org"
+ )
> sym <- getBM(
+   attributes = c("ensembl_gene_id",
+                  "hgnc_symbol",
+                  "entrezgene"), 
+ 	values = rownames(geneMap), 
+   mart = ensembl
+ )
> geneMap$Symbol <- sym$hgnc_symbol[match(rownames(geneMap), 
+                                         sym$ensembl_gene_id)]
> geneMap$EntrezID <- sym$entrezgene[match(rownames(geneMap), 
+                                          sym$ensembl_gene_id)]
> 	
> ### Get counts 
> geneCountList <- mclapply(geneFn, function(x) {
+ 	cat(".")
+ 	read.delim(pipe(paste("cut -f7", x)), as.is = TRUE, skip = 1)[ ,1]
+ }, mc.cores = 12)
.................................................................................................................> geneCounts <- do.call("cbind", geneCountList)
> rownames(geneCounts) <- rownames(geneMap)
> head(geneCounts)
                  PEC_BrainGVEX_UIC-UChicago_FC_mRNA_HiSeq2000_2015-3234_BC7L2EACXX_5
ENSG00000223972.4                                                                  14
ENSG00000227232.4                                                                   0
ENSG00000243485.2                                                                   0
ENSG00000237613.2                                                                   0
ENSG00000268020.2                                                                   0
ENSG00000240361.1                                                                   0
                  PEC_BrainGVEX_UIC-UChicago_FC_mRNA_HiSeq2500_2015-2609_BHCY55BCXX_2
ENSG00000223972.4                                                                   5
ENSG00000227232.4                                                                   0
ENSG00000243485.2                                                                   0
ENSG00000237613.2                                                                   0
ENSG00000268020.2                                                                   0
ENSG00000240361.1                                                                   0
                  PEC_BrainGVEX_UIC-UChicago_FC_mRNA_HiSeq2000_2015-2578_BC7BFJACXX_3
ENSG00000223972.4                                                                  13
ENSG00000227232.4                                                                   0
ENSG00000243485.2                                                                   0
ENSG00000237613.2                                                                   0
ENSG00000268020.2                                                                   0
ENSG00000240361.1                                                                   0
                  PEC_BrainGVEX_UIC-UChicago_FC_mRNA_HiSeq2000_2015-3282_AC7L45ACXX_8
ENSG00000223972.4                                                                   4
ENSG00000227232.4                                                                   0
ENSG00000243485.2                                                                   0
ENSG00000237613.2                                                                   0
ENSG00000268020.2                                                                   0
ENSG00000240361.1                                                                   0
                  PEC_BrainGVEX_UIC-UChicago_FC_mRNA_HiSeq2000_2015-3282_AHGM7HBCXX_2
ENSG00000223972.4                                                                   1
ENSG00000227232.4                                                                   0
ENSG00000243485.2                                                                   0
ENSG00000237613.2                                                                   0
ENSG00000268020.2                                                                   0
ENSG00000240361.1                                                                   0
                  PEC_BrainGVEX_UIC-UChicago_FC_mRNA_HiSeq2500_2015-3085_BH7H7GBCXX_1
ENSG00000223972.4                                                                  11
ENSG00000227232.4                                                                   0
ENSG00000243485.2                                                                   0
ENSG00000237613.2                                                                   0
ENSG00000268020.2                                                                   0
ENSG00000240361.1                                                                   0
                  PEC_BrainGVEX_UIC-UChicago_FC_mRNA_HiSeq2000_2015-3086_AC793AACXX_4
ENSG00000223972.4                                                                  12
ENSG00000227232.4                                                                   0
ENSG00000243485.2                                                                   1
ENSG00000237613.2                                                                   0
ENSG00000268020.2                                                                   0
ENSG00000240361.1                                                                   0
                  PEC_BrainGVEX_UIC-UChicago_FC_mRNA_HiSeq2000_2015-3284_AC7L45ACXX_8
ENSG00000223972.4                                                                  11
ENSG00000227232.4                                                                   0
ENSG00000243485.2                                                                   4
ENSG00000237613.2                                                                   0
ENSG00000268020.2                                                                   0
ENSG00000240361.1                                                                   0
                  PEC_BrainGVEX_UIC-UChicago_FC_mRNA_HiSeq2000_2015-3235_BC7L2EACXX_5
ENSG00000223972.4                                                                   3
ENSG00000227232.4                                                                   0
ENSG00000243485.2                                                                   4
ENSG00000237613.2                                                                   0
ENSG00000268020.2                                                                   0
ENSG00000240361.1                                                                   0
                  PEC_BrainGVEX_UIC-UChicago_FC_mRNA_HiSeq2500_2015-2610_BHCY55BCXX_2
ENSG00000223972.4                                                                  13
ENSG00000227232.4                                                                   0
ENSG00000243485.2                                                                   3
ENSG00000237613.2                                                                   0
ENSG00000268020.2                                                                   0
ENSG00000240361.1                                                                   0
                  PEC_BrainGVEX_UIC-UChicago_FC_mRNA_HiSeq2000_2015-3236_BC7L2EACXX_6
ENSG00000223972.4                                                                  21
ENSG00000227232.4                                                                   0
ENSG00000243485.2                                                                   2
ENSG00000237613.2                                                                   0
ENSG00000268020.2                                                                   0
ENSG00000240361.1                                                                   0
                  PEC_BrainGVEX_UIC-UChicago_FC_mRNA_HiSeq2500_2015-2623_BHYTYFADXX_2
ENSG00000223972.4                                                                   3
ENSG00000227232.4                                                                   0
ENSG00000243485.2                                                                   1
ENSG00000237613.2                                                                   0
ENSG00000268020.2                                                                   1
ENSG00000240361.1                                                                   0
                  PEC_BrainGVEX_UIC-UChicago_FC_mRNA_HiSeq2500_2015-2623_AH72CVBCXX_2
ENSG00000223972.4                                                                   6
ENSG00000227232.4                                                                   0
ENSG00000243485.2                                                                   1
ENSG00000237613.2                                                                   0
ENSG00000268020.2                                                                   0
ENSG00000240361.1                                                                   0
                  PEC_BrainGVEX_UIC-UChicago_FC_mRNA_HiSeq2000_2015-3237_BC7L2EACXX_6
ENSG00000223972.4                                                                  17
ENSG00000227232.4                                                                   0
ENSG00000243485.2                                                                   1
ENSG00000237613.2                                                                   0
ENSG00000268020.2                                                                   0
ENSG00000240361.1                                                                   1
                  PEC_BrainGVEX_UIC-UChicago_FC_mRNA_HiSeq2000_2016-885_BC8FR9ACXX_5
ENSG00000223972.4                                                                 10
ENSG00000227232.4                                                                  0
ENSG00000243485.2                                                                  1
ENSG00000237613.2                                                                  0
ENSG00000268020.2                                                                  0
ENSG00000240361.1                                                                  0
                  PEC_BrainGVEX_UIC-UChicago_FC_mRNA_HiSeq2000_2016-885_AC8CUDACXX_5
ENSG00000223972.4                                                                 15
ENSG00000227232.4                                                                  0
ENSG00000243485.2                                                                  1
ENSG00000237613.2                                                                  0
ENSG00000268020.2                                                                  0
ENSG00000240361.1                                                                  0
                  PEC_BrainGVEX_UIC-UChicago_FC_mRNA_HiSeq2000_2015-3165_BHHFJMBCXX_1
ENSG00000223972.4                                                                   8
ENSG00000227232.4                                                                   1
ENSG00000243485.2                                                                   0
ENSG00000237613.2                                                                   0
ENSG00000268020.2                                                                   0
ENSG00000240361.1                                                                   0
                  PEC_BrainGVEX_UIC-UChicago_FC_mRNA_HiSeq2000_2015-3238_BC7L2EACXX_6
ENSG00000223972.4                                                                  27
ENSG00000227232.4                                                                   0
ENSG00000243485.2                                                                   3
ENSG00000237613.2                                                                   0
ENSG00000268020.2                                                                   0
ENSG00000240361.1                                                                   0
                  PEC_BrainGVEX_UIC-UChicago_FC_mRNA_HiSeq2000_2015-3166_BHHFJMBCXX_1
ENSG00000223972.4                                                                   6
ENSG00000227232.4                                                                   0
ENSG00000243485.2                                                                   0
ENSG00000237613.2                                                                   0
ENSG00000268020.2                                                                   0
ENSG00000240361.1                                                                   0
                  PEC_BrainGVEX_UIC-UChicago_FC_mRNA_HiSeq2000_2015-2603_AC7ATKACXX_4
ENSG00000223972.4                                                                   8
ENSG00000227232.4                                                                   0
ENSG00000243485.2                                                                   0
ENSG00000237613.2                                                                   0
ENSG00000268020.2                                                                   0
ENSG00000240361.1                                                                   0
                  PEC_BrainGVEX_UIC-UChicago_FC_mRNA_HiSeq2000_2015-2603_BHFVTVBCXX_2
ENSG00000223972.4                                                                   4
ENSG00000227232.4                                                                   0
ENSG00000243485.2                                                                   0
ENSG00000237613.2                                                                   0
ENSG00000268020.2                                                                   0
ENSG00000240361.1                                                                   0
                  PEC_BrainGVEX_UIC-UChicago_FC_mRNA_HiSeq2000_2015-3230_BC7BFBACXX_2
ENSG00000223972.4                                                                   3
ENSG00000227232.4                                                                   0
ENSG00000243485.2                                                                   0
ENSG00000237613.2                                                                   0
ENSG00000268020.2                                                                   0
ENSG00000240361.1                                                                   0
                  PEC_BrainGVEX_UIC-UChicago_FC_mRNA_HiSeq2000_2015-3278_BC7L2EACXX_8
ENSG00000223972.4                                                                   3
ENSG00000227232.4                                                                   0
ENSG00000243485.2                                                                   0
ENSG00000237613.2                                                                   0
ENSG00000268020.2                                                                   0
ENSG00000240361.1                                                                   0
                  PEC_BrainGVEX_UIC-UChicago_FC_mRNA_HiSeq2500_2015-2625_BHYTYFADXX_2
ENSG00000223972.4                                                                   6
ENSG00000227232.4                                                                   0
ENSG00000243485.2                                                                   1
ENSG00000237613.2                                                                   0
ENSG00000268020.2                                                                   0
ENSG00000240361.1                                                                   0
                  PEC_BrainGVEX_UIC-UChicago_FC_mRNA_HiSeq2500_2015-2625_BHFVTVBCXX_2
ENSG00000223972.4                                                                   5
ENSG00000227232.4                                                                   1
ENSG00000243485.2                                                                   2
ENSG00000237613.2                                                                   0
ENSG00000268020.2                                                                   0
ENSG00000240361.1                                                                   0
                  PEC_BrainGVEX_UIC-UChicago_FC_mRNA_HiSeq2500_2015-2626_BC7BFBACXX_3
ENSG00000223972.4                                                                   1
ENSG00000227232.4                                                                   0
ENSG00000243485.2                                                                   1
ENSG00000237613.2                                                                   0
ENSG00000268020.2                                                                   0
ENSG00000240361.1                                                                   0
                  PEC_BrainGVEX_UIC-UChicago_FC_mRNA_HiSeq2500_2015-2626_BH73F2BCXX_2
ENSG00000223972.4                                                                   5
ENSG00000227232.4                                                                   0
ENSG00000243485.2                                                                   0
ENSG00000237613.2                                                                   0
ENSG00000268020.2                                                                   0
ENSG00000240361.1                                                                   0
                  PEC_BrainGVEX_UIC-UChicago_FC_mRNA_HiSeq2000_2015-3275_BC7L2EACXX_7
ENSG00000223972.4                                                                   4
ENSG00000227232.4                                                                   0
ENSG00000243485.2                                                                   1
ENSG00000237613.2                                                                   0
ENSG00000268020.2                                                                   0
ENSG00000240361.1                                                                   0
                  PEC_BrainGVEX_UIC-UChicago_FC_mRNA_HiSeq2500_2015-2627_BH73F2BCXX_1
ENSG00000223972.4                                                                   6
ENSG00000227232.4                                                                   0
ENSG00000243485.2                                                                   0
ENSG00000237613.2                                                                   1
ENSG00000268020.2                                                                   0
ENSG00000240361.1                                                                   0
                  PEC_BrainGVEX_UIC-UChicago_FC_mRNA_HiSeq2500_2015-2628_BH73F2BCXX_2
ENSG00000223972.4                                                                   3
ENSG00000227232.4                                                                   0
ENSG00000243485.2                                                                   0
ENSG00000237613.2                                                                   0
ENSG00000268020.2                                                                   0
ENSG00000240361.1                                                                   0
                  PEC_BrainGVEX_UIC-UChicago_FC_mRNA_HiSeq2000_2015-3281_AHGM7HBCXX_2
ENSG00000223972.4                                                                   5
ENSG00000227232.4                                                                   0
ENSG00000243485.2                                                                   0
ENSG00000237613.2                                                                   0
ENSG00000268020.2                                                                   0
ENSG00000240361.1                                                                   0
                  PEC_BrainGVEX_UIC-UChicago_FC_mRNA_HiSeq2000_2015-3276_BC7L2EACXX_7
ENSG00000223972.4                                                                  20
ENSG00000227232.4                                                                   0
ENSG00000243485.2                                                                   2
ENSG00000237613.2                                                                   0
ENSG00000268020.2                                                                   0
ENSG00000240361.1                                                                   0
                  PEC_BrainGVEX_UIC-UChicago_FC_mRNA_HiSeq2000_2015-3280_BC7L2EACXX_8
ENSG00000223972.4                                                                   3
ENSG00000227232.4                                                                   0
ENSG00000243485.2                                                                   0
ENSG00000237613.2                                                                   0
ENSG00000268020.2                                                                   0
ENSG00000240361.1                                                                   0
                  PEC_BrainGVEX_UIC-UChicago_FC_mRNA_HiSeq2500_2015-2629_BH73F2BCXX_1
ENSG00000223972.4                                                                  12
ENSG00000227232.4                                                                   0
ENSG00000243485.2                                                                   1
ENSG00000237613.2                                                                   0
ENSG00000268020.2                                                                   0
ENSG00000240361.1                                                                   0
                  PEC_BrainGVEX_UIC-UChicago_FC_mRNA_HiSeq2500_2015-2630_BH73F2BCXX_1
ENSG00000223972.4                                                                   8
ENSG00000227232.4                                                                   0
ENSG00000243485.2                                                                   0
ENSG00000237613.2                                                                   0
ENSG00000268020.2                                                                   0
ENSG00000240361.1                                                                   0
                  PEC_BrainGVEX_UIC-UChicago_FC_mRNA_HiSeq2500_2015-3168_BH2T37ADXX_2
ENSG00000223972.4                                                                   8
ENSG00000227232.4                                                                   0
ENSG00000243485.2                                                                   0
ENSG00000237613.2                                                                   0
ENSG00000268020.2                                                                   0
ENSG00000240361.1                                                                   0
                  PEC_BrainGVEX_UIC-UChicago_FC_mRNA_HiSeq2000_2015-3277_BC7L2EACXX_7
ENSG00000223972.4                                                                   4
ENSG00000227232.4                                                                   0
ENSG00000243485.2                                                                   0
ENSG00000237613.2                                                                   0
ENSG00000268020.2                                                                   0
ENSG00000240361.1                                                                   0
                  PEC_BrainGVEX_UIC-UChicago_FC_mRNA_HiSeq2500_2015-2881_BHFVTVBCXX_2
ENSG00000223972.4                                                                   4
ENSG00000227232.4                                                                   0
ENSG00000243485.2                                                                   2
ENSG00000237613.2                                                                   0
ENSG00000268020.2                                                                   0
ENSG00000240361.1                                                                   0
                  PEC_BrainGVEX_UIC-UChicago_FC_mRNA_HiSeq2500_2015-2881_AH72CVBCXX_1
ENSG00000223972.4                                                                   4
ENSG00000227232.4                                                                   0
ENSG00000243485.2                                                                   0
ENSG00000237613.2                                                                   0
ENSG00000268020.2                                                                   0
ENSG00000240361.1                                                                   0
                  PEC_BrainGVEX_UIC-UChicago_FC_mRNA_HiSeq2500_2015-2882_BHFVTVBCXX_1
ENSG00000223972.4                                                                   7
ENSG00000227232.4                                                                   0
ENSG00000243485.2                                                                   0
ENSG00000237613.2                                                                   0
ENSG00000268020.2                                                                   0
ENSG00000240361.1                                                                   0
                  PEC_BrainGVEX_UIC-UChicago_FC_mRNA_HiSeq2500_2015-2882_AH72CVBCXX_1
ENSG00000223972.4                                                                   6
ENSG00000227232.4                                                                   0
ENSG00000243485.2                                                                   3
ENSG00000237613.2                                                                   0
ENSG00000268020.2                                                                   0
ENSG00000240361.1                                                                   0
                  PEC_BrainGVEX_UIC-UChicago_FC_mRNA_HiSeq2500_2015-2884_BHFVTVBCXX_2
ENSG00000223972.4                                                                   3
ENSG00000227232.4                                                                   0
ENSG00000243485.2                                                                   0
ENSG00000237613.2                                                                   0
ENSG00000268020.2                                                                   0
ENSG00000240361.1                                                                   0
                  PEC_BrainGVEX_UIC-UChicago_FC_mRNA_HiSeq2500_2015-2884_BH2VYFADXX_2
ENSG00000223972.4                                                                  12
ENSG00000227232.4                                                                   1
ENSG00000243485.2                                                                   0
ENSG00000237613.2                                                                   0
ENSG00000268020.2                                                                   0
ENSG00000240361.1                                                                   0
                  PEC_BrainGVEX_UIC-UChicago_FC_mRNA_HiSeq2000_2015-2572_BC7BFJACXX_1
ENSG00000223972.4                                                                   4
ENSG00000227232.4                                                                   0
ENSG00000243485.2                                                                   0
ENSG00000237613.2                                                                   0
ENSG00000268020.2                                                                   0
ENSG00000240361.1                                                                   0
                  PEC_BrainGVEX_UIC-UChicago_FC_mRNA_HiSeq2500_2015-2885_BHFVTVBCXX_2
ENSG00000223972.4                                                                   4
ENSG00000227232.4                                                                   0
ENSG00000243485.2                                                                   0
ENSG00000237613.2                                                                   0
ENSG00000268020.2                                                                   0
ENSG00000240361.1                                                                   0
                  PEC_BrainGVEX_UIC-UChicago_FC_mRNA_HiSeq2500_2015-2885_BH2VYFADXX_2
ENSG00000223972.4                                                                  10
ENSG00000227232.4                                                                   0
ENSG00000243485.2                                                                   0
ENSG00000237613.2                                                                   0
ENSG00000268020.2                                                                   0
ENSG00000240361.1                                                                   0
                  PEC_BrainGVEX_UIC-UChicago_FC_mRNA_HiSeq2000_2015-2604_AC7ATKACXX_4
ENSG00000223972.4                                                                  12
ENSG00000227232.4                                                                   0
ENSG00000243485.2                                                                   1
ENSG00000237613.2                                                                   0
ENSG00000268020.2                                                                   6
ENSG00000240361.1                                                                   9
                  PEC_BrainGVEX_UIC-UChicago_FC_mRNA_HiSeq2000_2015-3229_BC7BFBACXX_4
ENSG00000223972.4                                                                   4
ENSG00000227232.4                                                                   0
ENSG00000243485.2                                                                   1
ENSG00000237613.2                                                                   0
ENSG00000268020.2                                                                   0
ENSG00000240361.1                                                                   0
                  PEC_BrainGVEX_UIC-UChicago_FC_mRNA_HiSeq2000_2015-3229_AHGM7HBCXX_1
ENSG00000223972.4                                                                   8
ENSG00000227232.4                                                                   0
ENSG00000243485.2                                                                   0
ENSG00000237613.2                                                                   0
ENSG00000268020.2                                                                   0
ENSG00000240361.1                                                                   1
                  PEC_BrainGVEX_UIC-UChicago_FC_mRNA_HiSeq2000_2015-2886_BHFVTVBCXX_1
ENSG00000223972.4                                                                   0
ENSG00000227232.4                                                                   0
ENSG00000243485.2                                                                   0
ENSG00000237613.2                                                                   0
ENSG00000268020.2                                                                   0
ENSG00000240361.1                                                                   0
                  PEC_BrainGVEX_UIC-UChicago_FC_mRNA_HiSeq2000_2015-2886_AC793AACXX_2
ENSG00000223972.4                                                                   6
ENSG00000227232.4                                                                   0
ENSG00000243485.2                                                                   1
ENSG00000237613.2                                                                   0
ENSG00000268020.2                                                                   0
ENSG00000240361.1                                                                   0
                  PEC_BrainGVEX_UIC-UChicago_FC_mRNA_HiSeq2000_2015-2887_AC793AACXX_2
ENSG00000223972.4                                                                  10
ENSG00000227232.4                                                                   0
ENSG00000243485.2                                                                   2
ENSG00000237613.2                                                                   0
ENSG00000268020.2                                                                   0
ENSG00000240361.1                                                                   0
                  PEC_BrainGVEX_UIC-UChicago_FC_mRNA_HiSeq2000_2015-2574_BC7BFJACXX_1
ENSG00000223972.4                                                                   9
ENSG00000227232.4                                                                   0
ENSG00000243485.2                                                                   0
ENSG00000237613.2                                                                   0
ENSG00000268020.2                                                                   0
ENSG00000240361.1                                                                   0
                  PEC_BrainGVEX_UIC-UChicago_FC_mRNA_HiSeq2000_2015-2888_AC793AACXX_2
ENSG00000223972.4                                                                   4
ENSG00000227232.4                                                                   0
ENSG00000243485.2                                                                   1
ENSG00000237613.2                                                                   0
ENSG00000268020.2                                                                   0
ENSG00000240361.1                                                                   1
                  PEC_BrainGVEX_UIC-UChicago_FC_mRNA_HiSeq2000_2015-2917_AC793AACXX_3
ENSG00000223972.4                                                                   5
ENSG00000227232.4                                                                   0
ENSG00000243485.2                                                                   1
ENSG00000237613.2                                                                   0
ENSG00000268020.2                                                                   0
ENSG00000240361.1                                                                   0
                  PEC_BrainGVEX_UIC-UChicago_FC_mRNA_HiSeq2000_2015-2575_BC7BFJACXX_2
ENSG00000223972.4                                                                   9
ENSG00000227232.4                                                                   0
ENSG00000243485.2                                                                   0
ENSG00000237613.2                                                                   0
ENSG00000268020.2                                                                   0
ENSG00000240361.1                                                                   0
                  PEC_BrainGVEX_UIC-UChicago_FC_mRNA_HiSeq2000_2015-2576_BC7BFJACXX_2
ENSG00000223972.4                                                                   4
ENSG00000227232.4                                                                   0
ENSG00000243485.2                                                                   3
ENSG00000237613.2                                                                   0
ENSG00000268020.2                                                                   0
ENSG00000240361.1                                                                   0
                  PEC_BrainGVEX_UIC-UChicago_FC_mRNA_HiSeq2000_2015-2605_AC7ATKACXX_3
ENSG00000223972.4                                                                  11
ENSG00000227232.4                                                                   0
ENSG00000243485.2                                                                   0
ENSG00000237613.2                                                                   0
ENSG00000268020.2                                                                   0
ENSG00000240361.1                                                                   0
                  PEC_BrainGVEX_UIC-UChicago_FC_mRNA_HiSeq2500_2015-2918_AH72CVBCXX_1
ENSG00000223972.4                                                                   7
ENSG00000227232.4                                                                   0
ENSG00000243485.2                                                                   1
ENSG00000237613.2                                                                   0
ENSG00000268020.2                                                                   0
ENSG00000240361.1                                                                   0
                  PEC_BrainGVEX_UIC-UChicago_FC_mRNA_HiSeq2000_2015-2919_AC793AACXX_3
ENSG00000223972.4                                                                  10
ENSG00000227232.4                                                                   1
ENSG00000243485.2                                                                   1
ENSG00000237613.2                                                                   0
ENSG00000268020.2                                                                   0
ENSG00000240361.1                                                                   0
                  PEC_BrainGVEX_UIC-UChicago_FC_mRNA_HiSeq2000_2015-3279_BC7L2EACXX_8
ENSG00000223972.4                                                                   7
ENSG00000227232.4                                                                   1
ENSG00000243485.2                                                                   2
ENSG00000237613.2                                                                   0
ENSG00000268020.2                                                                   0
ENSG00000240361.1                                                                   0
                  PEC_BrainGVEX_UIC-UChicago_FC_mRNA_HiSeq2000_2015-2921_AC793AACXX_3
ENSG00000223972.4                                                                  17
ENSG00000227232.4                                                                   0
ENSG00000243485.2                                                                   0
ENSG00000237613.2                                                                   0
ENSG00000268020.2                                                                   0
ENSG00000240361.1                                                                   0
                  PEC_BrainGVEX_UIC-UChicago_FC_mRNA_HiSeq2000_2015-2922_AC793AACXX_5
ENSG00000223972.4                                                                  16
ENSG00000227232.4                                                                   0
ENSG00000243485.2                                                                   1
ENSG00000237613.2                                                                   0
ENSG00000268020.2                                                                   0
ENSG00000240361.1                                                                   0
                  PEC_BrainGVEX_UIC-UChicago_FC_mRNA_HiSeq2000_2015-2923_AC793AACXX_7
ENSG00000223972.4                                                                  15
ENSG00000227232.4                                                                   1
ENSG00000243485.2                                                                   0
ENSG00000237613.2                                                                   0
ENSG00000268020.2                                                                   0
ENSG00000240361.1                                                                   0
                  PEC_BrainGVEX_UIC-UChicago_FC_mRNA_HiSeq2000_2015-2924_AC793AACXX_6
ENSG00000223972.4                                                                  32
ENSG00000227232.4                                                                   0
ENSG00000243485.2                                                                   1
ENSG00000237613.2                                                                   0
ENSG00000268020.2                                                                   0
ENSG00000240361.1                                                                   0
                  PEC_BrainGVEX_UIC-UChicago_FC_mRNA_HiSeq2000_2015-2577_BC7BFJACXX_2
ENSG00000223972.4                                                                  12
ENSG00000227232.4                                                                   0
ENSG00000243485.2                                                                   0
ENSG00000237613.2                                                                   0
ENSG00000268020.2                                                                   0
ENSG00000240361.1                                                                   0
                  PEC_BrainGVEX_UIC-UChicago_FC_mRNA_HiSeq2000_2015-3164_BHHFJMBCXX_2
ENSG00000223972.4                                                                   9
ENSG00000227232.4                                                                   0
ENSG00000243485.2                                                                   0
ENSG00000237613.2                                                                   0
ENSG00000268020.2                                                                   0
ENSG00000240361.1                                                                   0
                  PEC_BrainGVEX_UIC-UChicago_FC_mRNA_HiSeq2500_2015-3169_BHFVTVBCXX_1
ENSG00000223972.4                                                                   1
ENSG00000227232.4                                                                   0
ENSG00000243485.2                                                                   0
ENSG00000237613.2                                                                   0
ENSG00000268020.2                                                                   0
ENSG00000240361.1                                                                   0
                  PEC_BrainGVEX_UIC-UChicago_FC_mRNA_HiSeq2500_2015-3169_BH2T37ADXX_2
ENSG00000223972.4                                                                  10
ENSG00000227232.4                                                                   0
ENSG00000243485.2                                                                   0
ENSG00000237613.2                                                                   0
ENSG00000268020.2                                                                   0
ENSG00000240361.1                                                                   0
                  PEC_BrainGVEX_UIC-UChicago_FC_mRNA_HiSeq2500_2015-2945_BH2VYLADXX_2
ENSG00000223972.4                                                                   8
ENSG00000227232.4                                                                   0
ENSG00000243485.2                                                                   0
ENSG00000237613.2                                                                   0
ENSG00000268020.2                                                                   0
ENSG00000240361.1                                                                   0
                  PEC_BrainGVEX_UIC-UChicago_FC_mRNA_HiSeq2500_2015-2946_AH7C72BCXX_1
ENSG00000223972.4                                                                   8
ENSG00000227232.4                                                                   0
ENSG00000243485.2                                                                   0
ENSG00000237613.2                                                                   0
ENSG00000268020.2                                                                   0
ENSG00000240361.1                                                                   0
                  PEC_BrainGVEX_UIC-UChicago_FC_mRNA_HiSeq2000_2015-2947_AC793AACXX_6
ENSG00000223972.4                                                                  13
ENSG00000227232.4                                                                   0
ENSG00000243485.2                                                                   0
ENSG00000237613.2                                                                   0
ENSG00000268020.2                                                                   0
ENSG00000240361.1                                                                   0
                  PEC_BrainGVEX_UIC-UChicago_FC_mRNA_HiSeq2000_2015-2948_AC793AACXX_6
ENSG00000223972.4                                                                  11
ENSG00000227232.4                                                                   0
ENSG00000243485.2                                                                   1
ENSG00000237613.2                                                                   0
ENSG00000268020.2                                                                   0
ENSG00000240361.1                                                                   0
                  PEC_BrainGVEX_UIC-UChicago_FC_mRNA_HiSeq2000_2015-2579_BC7BFJACXX_3
ENSG00000223972.4                                                                  16
ENSG00000227232.4                                                                   0
ENSG00000243485.2                                                                   0
ENSG00000237613.2                                                                   0
ENSG00000268020.2                                                                   0
ENSG00000240361.1                                                                   0
                  PEC_BrainGVEX_UIC-UChicago_FC_mRNA_HiSeq2000_2015-2580_BC7BFJACXX_3
ENSG00000223972.4                                                                   1
ENSG00000227232.4                                                                   0
ENSG00000243485.2                                                                   1
ENSG00000237613.2                                                                   0
ENSG00000268020.2                                                                   0
ENSG00000240361.1                                                                   0
                  PEC_BrainGVEX_UIC-UChicago_FC_mRNA_HiSeq2000_2015-2580_BHFVTVBCXX_2
ENSG00000223972.4                                                                   0
ENSG00000227232.4                                                                   0
ENSG00000243485.2                                                                   1
ENSG00000237613.2                                                                   0
ENSG00000268020.2                                                                   1
ENSG00000240361.1                                                                   0
                  PEC_BrainGVEX_UIC-UChicago_FC_mRNA_HiSeq2000_2015-2581_BC7BFJACXX_4
ENSG00000223972.4                                                                   3
ENSG00000227232.4                                                                   0
ENSG00000243485.2                                                                   0
ENSG00000237613.2                                                                   0
ENSG00000268020.2                                                                   0
ENSG00000240361.1                                                                   0
                  PEC_BrainGVEX_UIC-UChicago_FC_mRNA_HiSeq2000_2015-2581_BH7H3NBCXX_2
ENSG00000223972.4                                                                   3
ENSG00000227232.4                                                                   0
ENSG00000243485.2                                                                   0
ENSG00000237613.2                                                                   0
ENSG00000268020.2                                                                   0
ENSG00000240361.1                                                                   0
                  PEC_BrainGVEX_UIC-UChicago_FC_mRNA_HiSeq2000_2015-2949_AC793AACXX_4
ENSG00000223972.4                                                                  15
ENSG00000227232.4                                                                   0
ENSG00000243485.2                                                                   1
ENSG00000237613.2                                                                   0
ENSG00000268020.2                                                                   0
ENSG00000240361.1                                                                   0
                  PEC_BrainGVEX_UIC-UChicago_FC_mRNA_HiSeq2000_2015-2950_AC793AACXX_7
ENSG00000223972.4                                                                  18
ENSG00000227232.4                                                                   1
ENSG00000243485.2                                                                   3
ENSG00000237613.2                                                                   0
ENSG00000268020.2                                                                   0
ENSG00000240361.1                                                                   0
                  PEC_BrainGVEX_UIC-UChicago_FC_mRNA_HiSeq2000_2015-2606_AC7ATKACXX_4
ENSG00000223972.4                                                                  11
ENSG00000227232.4                                                                   0
ENSG00000243485.2                                                                   1
ENSG00000237613.2                                                                   0
ENSG00000268020.2                                                                   0
ENSG00000240361.1                                                                   0
                  PEC_BrainGVEX_UIC-UChicago_FC_mRNA_HiSeq2000_2015-2582_BC7BFJACXX_4
ENSG00000223972.4                                                                   5
ENSG00000227232.4                                                                   0
ENSG00000243485.2                                                                   0
ENSG00000237613.2                                                                   0
ENSG00000268020.2                                                                   0
ENSG00000240361.1                                                                   0
                  PEC_BrainGVEX_UIC-UChicago_FC_mRNA_HiSeq2500_2015-3170_BH2T37ADXX_2
ENSG00000223972.4                                                                  10
ENSG00000227232.4                                                                   0
ENSG00000243485.2                                                                   0
ENSG00000237613.2                                                                   0
ENSG00000268020.2                                                                   0
ENSG00000240361.1                                                                   0
                  PEC_BrainGVEX_UIC-UChicago_FC_mRNA_HiSeq2000_2015-2583_BC7BFJACXX_4
ENSG00000223972.4                                                                   2
ENSG00000227232.4                                                                   1
ENSG00000243485.2                                                                   1
ENSG00000237613.2                                                                   0
ENSG00000268020.2                                                                   0
ENSG00000240361.1                                                                   0
                  PEC_BrainGVEX_UIC-UChicago_FC_mRNA_HiSeq2000_2015-2583_BH7H3NBCXX_2
ENSG00000223972.4                                                                   2
ENSG00000227232.4                                                                   0
ENSG00000243485.2                                                                   0
ENSG00000237613.2                                                                   0
ENSG00000268020.2                                                                   0
ENSG00000240361.1                                                                   1
                  PEC_BrainGVEX_UIC-UChicago_FC_mRNA_HiSeq2000_2015-3227_BC7BFBACXX_2
ENSG00000223972.4                                                                  12
ENSG00000227232.4                                                                   1
ENSG00000243485.2                                                                   1
ENSG00000237613.2                                                                   0
ENSG00000268020.2                                                                   0
ENSG00000240361.1                                                                   0
                  PEC_BrainGVEX_UIC-UChicago_FC_mRNA_HiSeq2000_2015-2584_BC7BFJACXX_5
ENSG00000223972.4                                                                   3
ENSG00000227232.4                                                                   0
ENSG00000243485.2                                                                   1
ENSG00000237613.2                                                                   1
ENSG00000268020.2                                                                   0
ENSG00000240361.1                                                                   0
                  PEC_BrainGVEX_UIC-UChicago_FC_mRNA_HiSeq2000_2015-2585_BC7BFJACXX_5
ENSG00000223972.4                                                                   6
ENSG00000227232.4                                                                   1
ENSG00000243485.2                                                                   0
ENSG00000237613.2                                                                   0
ENSG00000268020.2                                                                   0
ENSG00000240361.1                                                                   0
                  PEC_BrainGVEX_UIC-UChicago_FC_mRNA_HiSeq2000_2015-3228_BC7BFBACXX_3
ENSG00000223972.4                                                                   8
ENSG00000227232.4                                                                   0
ENSG00000243485.2                                                                   2
ENSG00000237613.2                                                                   0
ENSG00000268020.2                                                                   0
ENSG00000240361.1                                                                   0
                  PEC_BrainGVEX_UIC-UChicago_FC_mRNA_HiSeq2000_2015-2951_AC793AACXX_8
ENSG00000223972.4                                                                  33
ENSG00000227232.4                                                                   6
ENSG00000243485.2                                                                   2
ENSG00000237613.2                                                                   0
ENSG00000268020.2                                                                   0
ENSG00000240361.1                                                                   0
                  PEC_BrainGVEX_UIC-UChicago_FC_mRNA_HiSeq2500_2015-3167_BH2T37ADXX_1
ENSG00000223972.4                                                                   3
ENSG00000227232.4                                                                   0
ENSG00000243485.2                                                                   0
ENSG00000237613.2                                                                   0
ENSG00000268020.2                                                                   0
ENSG00000240361.1                                                                   0
                  PEC_BrainGVEX_UIC-UChicago_FC_mRNA_HiSeq2000_2015-2607_BHCY55BCXX_1
ENSG00000223972.4                                                                  18
ENSG00000227232.4                                                                   0
ENSG00000243485.2                                                                   0
ENSG00000237613.2                                                                   0
ENSG00000268020.2                                                                   0
ENSG00000240361.1                                                                   0
                  PEC_BrainGVEX_UIC-UChicago_FC_mRNA_HiSeq2000_2015-2607_AC7ATKACXX_6
ENSG00000223972.4                                                                  16
ENSG00000227232.4                                                                   1
ENSG00000243485.2                                                                   2
ENSG00000237613.2                                                                   0
ENSG00000268020.2                                                                   0
ENSG00000240361.1                                                                   0
                  PEC_BrainGVEX_UIC-UChicago_FC_mRNA_HiSeq2000_2015-3231_AHGM7HBCXX_1
ENSG00000223972.4                                                                  24
ENSG00000227232.4                                                                   0
ENSG00000243485.2                                                                   0
ENSG00000237613.2                                                                   0
ENSG00000268020.2                                                                   6
ENSG00000240361.1                                                                   6
                  PEC_BrainGVEX_UIC-UChicago_FC_mRNA_HiSeq2000_2015-3231_BC7BFBACXX_4
ENSG00000223972.4                                                                  15
ENSG00000227232.4                                                                   0
ENSG00000243485.2                                                                   1
ENSG00000237613.2                                                                   0
ENSG00000268020.2                                                                   4
ENSG00000240361.1                                                                   4
                  PEC_BrainGVEX_UIC-UChicago_FC_mRNA_HiSeq2500_2015-3232_BHFVTVBCXX_1
ENSG00000223972.4                                                                  12
ENSG00000227232.4                                                                   0
ENSG00000243485.2                                                                   0
ENSG00000237613.2                                                                   0
ENSG00000268020.2                                                                   1
ENSG00000240361.1                                                                   0
                  PEC_BrainGVEX_UIC-UChicago_FC_mRNA_HiSeq2000_2015-2586_BC7BFJACXX_5
ENSG00000223972.4                                                                  14
ENSG00000227232.4                                                                   0
ENSG00000243485.2                                                                   0
ENSG00000237613.2                                                                   0
ENSG00000268020.2                                                                   0
ENSG00000240361.1                                                                   0
                  PEC_BrainGVEX_UIC-UChicago_FC_mRNA_HiSeq2000_2015-2587_BC7BFJACXX_6
ENSG00000223972.4                                                                   6
ENSG00000227232.4                                                                   0
ENSG00000243485.2                                                                   2
ENSG00000237613.2                                                                   0
ENSG00000268020.2                                                                   0
ENSG00000240361.1                                                                   0
                  PEC_BrainGVEX_UIC-UChicago_FC_mRNA_HiSeq2000_2015-2588_BC7BFJACXX_6
ENSG00000223972.4                                                                  10
ENSG00000227232.4                                                                   0
ENSG00000243485.2                                                                   0
ENSG00000237613.2                                                                   0
ENSG00000268020.2                                                                   0
ENSG00000240361.1                                                                   0
                  PEC_BrainGVEX_UIC-UChicago_FC_mRNA_HiSeq2000_2015-2952_AC793AACXX_5
ENSG00000223972.4                                                                   6
ENSG00000227232.4                                                                   0
ENSG00000243485.2                                                                   1
ENSG00000237613.2                                                                   0
ENSG00000268020.2                                                                   0
ENSG00000240361.1                                                                   0
                  PEC_BrainGVEX_UIC-UChicago_FC_mRNA_HiSeq2000_2015-3079_AC793AACXX_5
ENSG00000223972.4                                                                   2
ENSG00000227232.4                                                                   0
ENSG00000243485.2                                                                   1
ENSG00000237613.2                                                                   0
ENSG00000268020.2                                                                   0
ENSG00000240361.1                                                                   0
                  PEC_BrainGVEX_UIC-UChicago_FC_mRNA_HiSeq2000_2015-2589_BC7BFJACXX_6
ENSG00000223972.4                                                                   9
ENSG00000227232.4                                                                   0
ENSG00000243485.2                                                                   1
ENSG00000237613.2                                                                   0
ENSG00000268020.2                                                                   0
ENSG00000240361.1                                                                   0
                  PEC_BrainGVEX_UIC-UChicago_FC_mRNA_HiSeq2000_2015-2590_BC7BFJACXX_7
ENSG00000223972.4                                                                   5
ENSG00000227232.4                                                                   0
ENSG00000243485.2                                                                   1
ENSG00000237613.2                                                                   0
ENSG00000268020.2                                                                   0
ENSG00000240361.1                                                                   0
                  PEC_BrainGVEX_UIC-UChicago_FC_mRNA_HiSeq2500_2015-3080_AH7C72BCXX_2
ENSG00000223972.4                                                                  10
ENSG00000227232.4                                                                   1
ENSG00000243485.2                                                                   1
ENSG00000237613.2                                                                   0
ENSG00000268020.2                                                                   0
ENSG00000240361.1                                                                   0
                  PEC_BrainGVEX_UIC-UChicago_FC_mRNA_HiSeq2500_2015-2608_BHCY55BCXX_1
ENSG00000223972.4                                                                   5
ENSG00000227232.4                                                                   0
ENSG00000243485.2                                                                   1
ENSG00000237613.2                                                                   0
ENSG00000268020.2                                                                   0
ENSG00000240361.1                                                                   0
                  PEC_BrainGVEX_UIC-UChicago_FC_mRNA_HiSeq2000_2015-3081_AC793AACXX_4
ENSG00000223972.4                                                                   0
ENSG00000227232.4                                                                   0
ENSG00000243485.2                                                                   1
ENSG00000237613.2                                                                   0
ENSG00000268020.2                                                                   0
ENSG00000240361.1                                                                   0
                  PEC_BrainGVEX_UIC-UChicago_FC_mRNA_HiSeq2000_2015-2591_BC7BFJACXX_7
ENSG00000223972.4                                                                   5
ENSG00000227232.4                                                                   0
ENSG00000243485.2                                                                   1
ENSG00000237613.2                                                                   0
ENSG00000268020.2                                                                   0
ENSG00000240361.1                                                                   0
                  PEC_BrainGVEX_UIC-UChicago_FC_mRNA_HiSeq2000_2015-2592_BC7BFJACXX_7
ENSG00000223972.4                                                                   2
ENSG00000227232.4                                                                   1
ENSG00000243485.2                                                                   0
ENSG00000237613.2                                                                   0
ENSG00000268020.2                                                                   0
ENSG00000240361.1                                                                   1
                  PEC_BrainGVEX_UIC-UChicago_FC_mRNA_HiSeq2000_2015-3082_AC793AACXX_7
ENSG00000223972.4                                                                   7
ENSG00000227232.4                                                                   0
ENSG00000243485.2                                                                   0
ENSG00000237613.2                                                                   0
ENSG00000268020.2                                                                   0
ENSG00000240361.1                                                                   0
                  PEC_BrainGVEX_UIC-UChicago_FC_mRNA_HiSeq2000_2015-3233_BC7L2EACXX_5
ENSG00000223972.4                                                                  21
ENSG00000227232.4                                                                   0
ENSG00000243485.2                                                                   2
ENSG00000237613.2                                                                   0
ENSG00000268020.2                                                                   0
ENSG00000240361.1                                                                   0
                  PEC_BrainGVEX_UIC-UChicago_FC_mRNA_HiSeq2500_2015-3083_AH7C72BCXX_2
ENSG00000223972.4                                                                   9
ENSG00000227232.4                                                                   2
ENSG00000243485.2                                                                   2
ENSG00000237613.2                                                                   0
ENSG00000268020.2                                                                   0
ENSG00000240361.1                                                                   0
                  PEC_BrainGVEX_UIC-UChicago_FC_mRNA_HiSeq2000_2015-2593_BC7BFJACXX_8
ENSG00000223972.4                                                                   6
ENSG00000227232.4                                                                   0
ENSG00000243485.2                                                                   2
ENSG00000237613.2                                                                   0
ENSG00000268020.2                                                                   0
ENSG00000240361.1                                                                   0
                  PEC_BrainGVEX_UIC-UChicago_FC_mRNA_HiSeq2000_2015-2594_BC7BFJACXX_8
ENSG00000223972.4                                                                   1
ENSG00000227232.4                                                                   1
ENSG00000243485.2                                                                   0
ENSG00000237613.2                                                                   0
ENSG00000268020.2                                                                   1
ENSG00000240361.1                                                                   2
                  PEC_BrainGVEX_UIC-UChicago_FC_mRNA_HiSeq2000_2015-2595_BC7BFJACXX_8
ENSG00000223972.4                                                                   4
ENSG00000227232.4                                                                   0
ENSG00000243485.2                                                                   0
ENSG00000237613.2                                                                   0
ENSG00000268020.2                                                                   0
ENSG00000240361.1                                                                   0
                  PEC_BrainGVEX_UIC-UChicago_FC_mRNA_HiSeq2000_2015-2595_AH72CVBCXX_2
ENSG00000223972.4                                                                   9
ENSG00000227232.4                                                                   0
ENSG00000243485.2                                                                   0
ENSG00000237613.2                                                                   0
ENSG00000268020.2                                                                   0
ENSG00000240361.1                                                                   0
                  PEC_BrainGVEX_UIC-UChicago_FC_mRNA_HiSeq2500_2015-3084_BH7H7GBCXX_1
ENSG00000223972.4                                                                  10
ENSG00000227232.4                                                                   0
ENSG00000243485.2                                                                   0
ENSG00000237613.2                                                                   0
ENSG00000268020.2                                                                   0
ENSG00000240361.1                                                                   0
> 
> ### Put in order
> geneCounts <- geneCounts[ ,pd$FileName] 
> 
> ### Check
> head(pd$totalMapped)
[1] 123415465 114250752  88197888  59491621  27814038  82242904
> dim(pd)
[1] 116   4
> dim(geneCounts)
[1] 57820   116
> head(geneCounts)
                  PEC_BrainGVEX_UIC-UChicago_FC_mRNA_HiSeq2000_2015-3234_BC7L2EACXX_5
ENSG00000223972.4                                                                  14
ENSG00000227232.4                                                                   0
ENSG00000243485.2                                                                   0
ENSG00000237613.2                                                                   0
ENSG00000268020.2                                                                   0
ENSG00000240361.1                                                                   0
                  PEC_BrainGVEX_UIC-UChicago_FC_mRNA_HiSeq2500_2015-2609_BHCY55BCXX_2
ENSG00000223972.4                                                                   5
ENSG00000227232.4                                                                   0
ENSG00000243485.2                                                                   0
ENSG00000237613.2                                                                   0
ENSG00000268020.2                                                                   0
ENSG00000240361.1                                                                   0
                  PEC_BrainGVEX_UIC-UChicago_FC_mRNA_HiSeq2000_2015-2578_BC7BFJACXX_3
ENSG00000223972.4                                                                  13
ENSG00000227232.4                                                                   0
ENSG00000243485.2                                                                   0
ENSG00000237613.2                                                                   0
ENSG00000268020.2                                                                   0
ENSG00000240361.1                                                                   0
                  PEC_BrainGVEX_UIC-UChicago_FC_mRNA_HiSeq2000_2015-3282_AC7L45ACXX_8
ENSG00000223972.4                                                                   4
ENSG00000227232.4                                                                   0
ENSG00000243485.2                                                                   0
ENSG00000237613.2                                                                   0
ENSG00000268020.2                                                                   0
ENSG00000240361.1                                                                   0
                  PEC_BrainGVEX_UIC-UChicago_FC_mRNA_HiSeq2000_2015-3282_AHGM7HBCXX_2
ENSG00000223972.4                                                                   1
ENSG00000227232.4                                                                   0
ENSG00000243485.2                                                                   0
ENSG00000237613.2                                                                   0
ENSG00000268020.2                                                                   0
ENSG00000240361.1                                                                   0
                  PEC_BrainGVEX_UIC-UChicago_FC_mRNA_HiSeq2500_2015-3085_BH7H7GBCXX_1
ENSG00000223972.4                                                                  11
ENSG00000227232.4                                                                   0
ENSG00000243485.2                                                                   0
ENSG00000237613.2                                                                   0
ENSG00000268020.2                                                                   0
ENSG00000240361.1                                                                   0
                  PEC_BrainGVEX_UIC-UChicago_FC_mRNA_HiSeq2000_2015-3086_AC793AACXX_4
ENSG00000223972.4                                                                  12
ENSG00000227232.4                                                                   0
ENSG00000243485.2                                                                   1
ENSG00000237613.2                                                                   0
ENSG00000268020.2                                                                   0
ENSG00000240361.1                                                                   0
                  PEC_BrainGVEX_UIC-UChicago_FC_mRNA_HiSeq2000_2015-3284_AC7L45ACXX_8
ENSG00000223972.4                                                                  11
ENSG00000227232.4                                                                   0
ENSG00000243485.2                                                                   4
ENSG00000237613.2                                                                   0
ENSG00000268020.2                                                                   0
ENSG00000240361.1                                                                   0
                  PEC_BrainGVEX_UIC-UChicago_FC_mRNA_HiSeq2000_2015-3235_BC7L2EACXX_5
ENSG00000223972.4                                                                   3
ENSG00000227232.4                                                                   0
ENSG00000243485.2                                                                   4
ENSG00000237613.2                                                                   0
ENSG00000268020.2                                                                   0
ENSG00000240361.1                                                                   0
                  PEC_BrainGVEX_UIC-UChicago_FC_mRNA_HiSeq2500_2015-2610_BHCY55BCXX_2
ENSG00000223972.4                                                                  13
ENSG00000227232.4                                                                   0
ENSG00000243485.2                                                                   3
ENSG00000237613.2                                                                   0
ENSG00000268020.2                                                                   0
ENSG00000240361.1                                                                   0
                  PEC_BrainGVEX_UIC-UChicago_FC_mRNA_HiSeq2000_2015-3236_BC7L2EACXX_6
ENSG00000223972.4                                                                  21
ENSG00000227232.4                                                                   0
ENSG00000243485.2                                                                   2
ENSG00000237613.2                                                                   0
ENSG00000268020.2                                                                   0
ENSG00000240361.1                                                                   0
                  PEC_BrainGVEX_UIC-UChicago_FC_mRNA_HiSeq2500_2015-2623_BHYTYFADXX_2
ENSG00000223972.4                                                                   3
ENSG00000227232.4                                                                   0
ENSG00000243485.2                                                                   1
ENSG00000237613.2                                                                   0
ENSG00000268020.2                                                                   1
ENSG00000240361.1                                                                   0
                  PEC_BrainGVEX_UIC-UChicago_FC_mRNA_HiSeq2500_2015-2623_AH72CVBCXX_2
ENSG00000223972.4                                                                   6
ENSG00000227232.4                                                                   0
ENSG00000243485.2                                                                   1
ENSG00000237613.2                                                                   0
ENSG00000268020.2                                                                   0
ENSG00000240361.1                                                                   0
                  PEC_BrainGVEX_UIC-UChicago_FC_mRNA_HiSeq2000_2015-3237_BC7L2EACXX_6
ENSG00000223972.4                                                                  17
ENSG00000227232.4                                                                   0
ENSG00000243485.2                                                                   1
ENSG00000237613.2                                                                   0
ENSG00000268020.2                                                                   0
ENSG00000240361.1                                                                   1
                  PEC_BrainGVEX_UIC-UChicago_FC_mRNA_HiSeq2000_2016-885_BC8FR9ACXX_5
ENSG00000223972.4                                                                 10
ENSG00000227232.4                                                                  0
ENSG00000243485.2                                                                  1
ENSG00000237613.2                                                                  0
ENSG00000268020.2                                                                  0
ENSG00000240361.1                                                                  0
                  PEC_BrainGVEX_UIC-UChicago_FC_mRNA_HiSeq2000_2016-885_AC8CUDACXX_5
ENSG00000223972.4                                                                 15
ENSG00000227232.4                                                                  0
ENSG00000243485.2                                                                  1
ENSG00000237613.2                                                                  0
ENSG00000268020.2                                                                  0
ENSG00000240361.1                                                                  0
                  PEC_BrainGVEX_UIC-UChicago_FC_mRNA_HiSeq2000_2015-3165_BHHFJMBCXX_1
ENSG00000223972.4                                                                   8
ENSG00000227232.4                                                                   1
ENSG00000243485.2                                                                   0
ENSG00000237613.2                                                                   0
ENSG00000268020.2                                                                   0
ENSG00000240361.1                                                                   0
                  PEC_BrainGVEX_UIC-UChicago_FC_mRNA_HiSeq2000_2015-3238_BC7L2EACXX_6
ENSG00000223972.4                                                                  27
ENSG00000227232.4                                                                   0
ENSG00000243485.2                                                                   3
ENSG00000237613.2                                                                   0
ENSG00000268020.2                                                                   0
ENSG00000240361.1                                                                   0
                  PEC_BrainGVEX_UIC-UChicago_FC_mRNA_HiSeq2000_2015-3166_BHHFJMBCXX_1
ENSG00000223972.4                                                                   6
ENSG00000227232.4                                                                   0
ENSG00000243485.2                                                                   0
ENSG00000237613.2                                                                   0
ENSG00000268020.2                                                                   0
ENSG00000240361.1                                                                   0
                  PEC_BrainGVEX_UIC-UChicago_FC_mRNA_HiSeq2000_2015-2603_AC7ATKACXX_4
ENSG00000223972.4                                                                   8
ENSG00000227232.4                                                                   0
ENSG00000243485.2                                                                   0
ENSG00000237613.2                                                                   0
ENSG00000268020.2                                                                   0
ENSG00000240361.1                                                                   0
                  PEC_BrainGVEX_UIC-UChicago_FC_mRNA_HiSeq2000_2015-2603_BHFVTVBCXX_2
ENSG00000223972.4                                                                   4
ENSG00000227232.4                                                                   0
ENSG00000243485.2                                                                   0
ENSG00000237613.2                                                                   0
ENSG00000268020.2                                                                   0
ENSG00000240361.1                                                                   0
                  PEC_BrainGVEX_UIC-UChicago_FC_mRNA_HiSeq2000_2015-3230_BC7BFBACXX_2
ENSG00000223972.4                                                                   3
ENSG00000227232.4                                                                   0
ENSG00000243485.2                                                                   0
ENSG00000237613.2                                                                   0
ENSG00000268020.2                                                                   0
ENSG00000240361.1                                                                   0
                  PEC_BrainGVEX_UIC-UChicago_FC_mRNA_HiSeq2000_2015-3278_BC7L2EACXX_8
ENSG00000223972.4                                                                   3
ENSG00000227232.4                                                                   0
ENSG00000243485.2                                                                   0
ENSG00000237613.2                                                                   0
ENSG00000268020.2                                                                   0
ENSG00000240361.1                                                                   0
                  PEC_BrainGVEX_UIC-UChicago_FC_mRNA_HiSeq2500_2015-2625_BHYTYFADXX_2
ENSG00000223972.4                                                                   6
ENSG00000227232.4                                                                   0
ENSG00000243485.2                                                                   1
ENSG00000237613.2                                                                   0
ENSG00000268020.2                                                                   0
ENSG00000240361.1                                                                   0
                  PEC_BrainGVEX_UIC-UChicago_FC_mRNA_HiSeq2500_2015-2625_BHFVTVBCXX_2
ENSG00000223972.4                                                                   5
ENSG00000227232.4                                                                   1
ENSG00000243485.2                                                                   2
ENSG00000237613.2                                                                   0
ENSG00000268020.2                                                                   0
ENSG00000240361.1                                                                   0
                  PEC_BrainGVEX_UIC-UChicago_FC_mRNA_HiSeq2500_2015-2626_BC7BFBACXX_3
ENSG00000223972.4                                                                   1
ENSG00000227232.4                                                                   0
ENSG00000243485.2                                                                   1
ENSG00000237613.2                                                                   0
ENSG00000268020.2                                                                   0
ENSG00000240361.1                                                                   0
                  PEC_BrainGVEX_UIC-UChicago_FC_mRNA_HiSeq2500_2015-2626_BH73F2BCXX_2
ENSG00000223972.4                                                                   5
ENSG00000227232.4                                                                   0
ENSG00000243485.2                                                                   0
ENSG00000237613.2                                                                   0
ENSG00000268020.2                                                                   0
ENSG00000240361.1                                                                   0
                  PEC_BrainGVEX_UIC-UChicago_FC_mRNA_HiSeq2000_2015-3275_BC7L2EACXX_7
ENSG00000223972.4                                                                   4
ENSG00000227232.4                                                                   0
ENSG00000243485.2                                                                   1
ENSG00000237613.2                                                                   0
ENSG00000268020.2                                                                   0
ENSG00000240361.1                                                                   0
                  PEC_BrainGVEX_UIC-UChicago_FC_mRNA_HiSeq2500_2015-2627_BH73F2BCXX_1
ENSG00000223972.4                                                                   6
ENSG00000227232.4                                                                   0
ENSG00000243485.2                                                                   0
ENSG00000237613.2                                                                   1
ENSG00000268020.2                                                                   0
ENSG00000240361.1                                                                   0
                  PEC_BrainGVEX_UIC-UChicago_FC_mRNA_HiSeq2500_2015-2628_BH73F2BCXX_2
ENSG00000223972.4                                                                   3
ENSG00000227232.4                                                                   0
ENSG00000243485.2                                                                   0
ENSG00000237613.2                                                                   0
ENSG00000268020.2                                                                   0
ENSG00000240361.1                                                                   0
                  PEC_BrainGVEX_UIC-UChicago_FC_mRNA_HiSeq2000_2015-3281_AHGM7HBCXX_2
ENSG00000223972.4                                                                   5
ENSG00000227232.4                                                                   0
ENSG00000243485.2                                                                   0
ENSG00000237613.2                                                                   0
ENSG00000268020.2                                                                   0
ENSG00000240361.1                                                                   0
                  PEC_BrainGVEX_UIC-UChicago_FC_mRNA_HiSeq2000_2015-3276_BC7L2EACXX_7
ENSG00000223972.4                                                                  20
ENSG00000227232.4                                                                   0
ENSG00000243485.2                                                                   2
ENSG00000237613.2                                                                   0
ENSG00000268020.2                                                                   0
ENSG00000240361.1                                                                   0
                  PEC_BrainGVEX_UIC-UChicago_FC_mRNA_HiSeq2000_2015-3280_BC7L2EACXX_8
ENSG00000223972.4                                                                   3
ENSG00000227232.4                                                                   0
ENSG00000243485.2                                                                   0
ENSG00000237613.2                                                                   0
ENSG00000268020.2                                                                   0
ENSG00000240361.1                                                                   0
                  PEC_BrainGVEX_UIC-UChicago_FC_mRNA_HiSeq2500_2015-2629_BH73F2BCXX_1
ENSG00000223972.4                                                                  12
ENSG00000227232.4                                                                   0
ENSG00000243485.2                                                                   1
ENSG00000237613.2                                                                   0
ENSG00000268020.2                                                                   0
ENSG00000240361.1                                                                   0
                  PEC_BrainGVEX_UIC-UChicago_FC_mRNA_HiSeq2500_2015-2630_BH73F2BCXX_1
ENSG00000223972.4                                                                   8
ENSG00000227232.4                                                                   0
ENSG00000243485.2                                                                   0
ENSG00000237613.2                                                                   0
ENSG00000268020.2                                                                   0
ENSG00000240361.1                                                                   0
                  PEC_BrainGVEX_UIC-UChicago_FC_mRNA_HiSeq2500_2015-3168_BH2T37ADXX_2
ENSG00000223972.4                                                                   8
ENSG00000227232.4                                                                   0
ENSG00000243485.2                                                                   0
ENSG00000237613.2                                                                   0
ENSG00000268020.2                                                                   0
ENSG00000240361.1                                                                   0
                  PEC_BrainGVEX_UIC-UChicago_FC_mRNA_HiSeq2000_2015-3277_BC7L2EACXX_7
ENSG00000223972.4                                                                   4
ENSG00000227232.4                                                                   0
ENSG00000243485.2                                                                   0
ENSG00000237613.2                                                                   0
ENSG00000268020.2                                                                   0
ENSG00000240361.1                                                                   0
                  PEC_BrainGVEX_UIC-UChicago_FC_mRNA_HiSeq2500_2015-2881_BHFVTVBCXX_2
ENSG00000223972.4                                                                   4
ENSG00000227232.4                                                                   0
ENSG00000243485.2                                                                   2
ENSG00000237613.2                                                                   0
ENSG00000268020.2                                                                   0
ENSG00000240361.1                                                                   0
                  PEC_BrainGVEX_UIC-UChicago_FC_mRNA_HiSeq2500_2015-2881_AH72CVBCXX_1
ENSG00000223972.4                                                                   4
ENSG00000227232.4                                                                   0
ENSG00000243485.2                                                                   0
ENSG00000237613.2                                                                   0
ENSG00000268020.2                                                                   0
ENSG00000240361.1                                                                   0
                  PEC_BrainGVEX_UIC-UChicago_FC_mRNA_HiSeq2500_2015-2882_BHFVTVBCXX_1
ENSG00000223972.4                                                                   7
ENSG00000227232.4                                                                   0
ENSG00000243485.2                                                                   0
ENSG00000237613.2                                                                   0
ENSG00000268020.2                                                                   0
ENSG00000240361.1                                                                   0
                  PEC_BrainGVEX_UIC-UChicago_FC_mRNA_HiSeq2500_2015-2882_AH72CVBCXX_1
ENSG00000223972.4                                                                   6
ENSG00000227232.4                                                                   0
ENSG00000243485.2                                                                   3
ENSG00000237613.2                                                                   0
ENSG00000268020.2                                                                   0
ENSG00000240361.1                                                                   0
                  PEC_BrainGVEX_UIC-UChicago_FC_mRNA_HiSeq2500_2015-2884_BHFVTVBCXX_2
ENSG00000223972.4                                                                   3
ENSG00000227232.4                                                                   0
ENSG00000243485.2                                                                   0
ENSG00000237613.2                                                                   0
ENSG00000268020.2                                                                   0
ENSG00000240361.1                                                                   0
                  PEC_BrainGVEX_UIC-UChicago_FC_mRNA_HiSeq2500_2015-2884_BH2VYFADXX_2
ENSG00000223972.4                                                                  12
ENSG00000227232.4                                                                   1
ENSG00000243485.2                                                                   0
ENSG00000237613.2                                                                   0
ENSG00000268020.2                                                                   0
ENSG00000240361.1                                                                   0
                  PEC_BrainGVEX_UIC-UChicago_FC_mRNA_HiSeq2000_2015-2572_BC7BFJACXX_1
ENSG00000223972.4                                                                   4
ENSG00000227232.4                                                                   0
ENSG00000243485.2                                                                   0
ENSG00000237613.2                                                                   0
ENSG00000268020.2                                                                   0
ENSG00000240361.1                                                                   0
                  PEC_BrainGVEX_UIC-UChicago_FC_mRNA_HiSeq2500_2015-2885_BHFVTVBCXX_2
ENSG00000223972.4                                                                   4
ENSG00000227232.4                                                                   0
ENSG00000243485.2                                                                   0
ENSG00000237613.2                                                                   0
ENSG00000268020.2                                                                   0
ENSG00000240361.1                                                                   0
                  PEC_BrainGVEX_UIC-UChicago_FC_mRNA_HiSeq2500_2015-2885_BH2VYFADXX_2
ENSG00000223972.4                                                                  10
ENSG00000227232.4                                                                   0
ENSG00000243485.2                                                                   0
ENSG00000237613.2                                                                   0
ENSG00000268020.2                                                                   0
ENSG00000240361.1                                                                   0
                  PEC_BrainGVEX_UIC-UChicago_FC_mRNA_HiSeq2000_2015-2604_AC7ATKACXX_4
ENSG00000223972.4                                                                  12
ENSG00000227232.4                                                                   0
ENSG00000243485.2                                                                   1
ENSG00000237613.2                                                                   0
ENSG00000268020.2                                                                   6
ENSG00000240361.1                                                                   9
                  PEC_BrainGVEX_UIC-UChicago_FC_mRNA_HiSeq2000_2015-3229_BC7BFBACXX_4
ENSG00000223972.4                                                                   4
ENSG00000227232.4                                                                   0
ENSG00000243485.2                                                                   1
ENSG00000237613.2                                                                   0
ENSG00000268020.2                                                                   0
ENSG00000240361.1                                                                   0
                  PEC_BrainGVEX_UIC-UChicago_FC_mRNA_HiSeq2000_2015-3229_AHGM7HBCXX_1
ENSG00000223972.4                                                                   8
ENSG00000227232.4                                                                   0
ENSG00000243485.2                                                                   0
ENSG00000237613.2                                                                   0
ENSG00000268020.2                                                                   0
ENSG00000240361.1                                                                   1
                  PEC_BrainGVEX_UIC-UChicago_FC_mRNA_HiSeq2000_2015-2886_BHFVTVBCXX_1
ENSG00000223972.4                                                                   0
ENSG00000227232.4                                                                   0
ENSG00000243485.2                                                                   0
ENSG00000237613.2                                                                   0
ENSG00000268020.2                                                                   0
ENSG00000240361.1                                                                   0
                  PEC_BrainGVEX_UIC-UChicago_FC_mRNA_HiSeq2000_2015-2886_AC793AACXX_2
ENSG00000223972.4                                                                   6
ENSG00000227232.4                                                                   0
ENSG00000243485.2                                                                   1
ENSG00000237613.2                                                                   0
ENSG00000268020.2                                                                   0
ENSG00000240361.1                                                                   0
                  PEC_BrainGVEX_UIC-UChicago_FC_mRNA_HiSeq2000_2015-2887_AC793AACXX_2
ENSG00000223972.4                                                                  10
ENSG00000227232.4                                                                   0
ENSG00000243485.2                                                                   2
ENSG00000237613.2                                                                   0
ENSG00000268020.2                                                                   0
ENSG00000240361.1                                                                   0
                  PEC_BrainGVEX_UIC-UChicago_FC_mRNA_HiSeq2000_2015-2574_BC7BFJACXX_1
ENSG00000223972.4                                                                   9
ENSG00000227232.4                                                                   0
ENSG00000243485.2                                                                   0
ENSG00000237613.2                                                                   0
ENSG00000268020.2                                                                   0
ENSG00000240361.1                                                                   0
                  PEC_BrainGVEX_UIC-UChicago_FC_mRNA_HiSeq2000_2015-2888_AC793AACXX_2
ENSG00000223972.4                                                                   4
ENSG00000227232.4                                                                   0
ENSG00000243485.2                                                                   1
ENSG00000237613.2                                                                   0
ENSG00000268020.2                                                                   0
ENSG00000240361.1                                                                   1
                  PEC_BrainGVEX_UIC-UChicago_FC_mRNA_HiSeq2000_2015-2917_AC793AACXX_3
ENSG00000223972.4                                                                   5
ENSG00000227232.4                                                                   0
ENSG00000243485.2                                                                   1
ENSG00000237613.2                                                                   0
ENSG00000268020.2                                                                   0
ENSG00000240361.1                                                                   0
                  PEC_BrainGVEX_UIC-UChicago_FC_mRNA_HiSeq2000_2015-2575_BC7BFJACXX_2
ENSG00000223972.4                                                                   9
ENSG00000227232.4                                                                   0
ENSG00000243485.2                                                                   0
ENSG00000237613.2                                                                   0
ENSG00000268020.2                                                                   0
ENSG00000240361.1                                                                   0
                  PEC_BrainGVEX_UIC-UChicago_FC_mRNA_HiSeq2000_2015-2576_BC7BFJACXX_2
ENSG00000223972.4                                                                   4
ENSG00000227232.4                                                                   0
ENSG00000243485.2                                                                   3
ENSG00000237613.2                                                                   0
ENSG00000268020.2                                                                   0
ENSG00000240361.1                                                                   0
                  PEC_BrainGVEX_UIC-UChicago_FC_mRNA_HiSeq2000_2015-2605_AC7ATKACXX_3
ENSG00000223972.4                                                                  11
ENSG00000227232.4                                                                   0
ENSG00000243485.2                                                                   0
ENSG00000237613.2                                                                   0
ENSG00000268020.2                                                                   0
ENSG00000240361.1                                                                   0
                  PEC_BrainGVEX_UIC-UChicago_FC_mRNA_HiSeq2500_2015-2918_AH72CVBCXX_1
ENSG00000223972.4                                                                   7
ENSG00000227232.4                                                                   0
ENSG00000243485.2                                                                   1
ENSG00000237613.2                                                                   0
ENSG00000268020.2                                                                   0
ENSG00000240361.1                                                                   0
                  PEC_BrainGVEX_UIC-UChicago_FC_mRNA_HiSeq2000_2015-2919_AC793AACXX_3
ENSG00000223972.4                                                                  10
ENSG00000227232.4                                                                   1
ENSG00000243485.2                                                                   1
ENSG00000237613.2                                                                   0
ENSG00000268020.2                                                                   0
ENSG00000240361.1                                                                   0
                  PEC_BrainGVEX_UIC-UChicago_FC_mRNA_HiSeq2000_2015-3279_BC7L2EACXX_8
ENSG00000223972.4                                                                   7
ENSG00000227232.4                                                                   1
ENSG00000243485.2                                                                   2
ENSG00000237613.2                                                                   0
ENSG00000268020.2                                                                   0
ENSG00000240361.1                                                                   0
                  PEC_BrainGVEX_UIC-UChicago_FC_mRNA_HiSeq2000_2015-2921_AC793AACXX_3
ENSG00000223972.4                                                                  17
ENSG00000227232.4                                                                   0
ENSG00000243485.2                                                                   0
ENSG00000237613.2                                                                   0
ENSG00000268020.2                                                                   0
ENSG00000240361.1                                                                   0
                  PEC_BrainGVEX_UIC-UChicago_FC_mRNA_HiSeq2000_2015-2922_AC793AACXX_5
ENSG00000223972.4                                                                  16
ENSG00000227232.4                                                                   0
ENSG00000243485.2                                                                   1
ENSG00000237613.2                                                                   0
ENSG00000268020.2                                                                   0
ENSG00000240361.1                                                                   0
                  PEC_BrainGVEX_UIC-UChicago_FC_mRNA_HiSeq2000_2015-2923_AC793AACXX_7
ENSG00000223972.4                                                                  15
ENSG00000227232.4                                                                   1
ENSG00000243485.2                                                                   0
ENSG00000237613.2                                                                   0
ENSG00000268020.2                                                                   0
ENSG00000240361.1                                                                   0
                  PEC_BrainGVEX_UIC-UChicago_FC_mRNA_HiSeq2000_2015-2924_AC793AACXX_6
ENSG00000223972.4                                                                  32
ENSG00000227232.4                                                                   0
ENSG00000243485.2                                                                   1
ENSG00000237613.2                                                                   0
ENSG00000268020.2                                                                   0
ENSG00000240361.1                                                                   0
                  PEC_BrainGVEX_UIC-UChicago_FC_mRNA_HiSeq2000_2015-2577_BC7BFJACXX_2
ENSG00000223972.4                                                                  12
ENSG00000227232.4                                                                   0
ENSG00000243485.2                                                                   0
ENSG00000237613.2                                                                   0
ENSG00000268020.2                                                                   0
ENSG00000240361.1                                                                   0
                  PEC_BrainGVEX_UIC-UChicago_FC_mRNA_HiSeq2000_2015-3164_BHHFJMBCXX_2
ENSG00000223972.4                                                                   9
ENSG00000227232.4                                                                   0
ENSG00000243485.2                                                                   0
ENSG00000237613.2                                                                   0
ENSG00000268020.2                                                                   0
ENSG00000240361.1                                                                   0
                  PEC_BrainGVEX_UIC-UChicago_FC_mRNA_HiSeq2500_2015-3169_BHFVTVBCXX_1
ENSG00000223972.4                                                                   1
ENSG00000227232.4                                                                   0
ENSG00000243485.2                                                                   0
ENSG00000237613.2                                                                   0
ENSG00000268020.2                                                                   0
ENSG00000240361.1                                                                   0
                  PEC_BrainGVEX_UIC-UChicago_FC_mRNA_HiSeq2500_2015-3169_BH2T37ADXX_2
ENSG00000223972.4                                                                  10
ENSG00000227232.4                                                                   0
ENSG00000243485.2                                                                   0
ENSG00000237613.2                                                                   0
ENSG00000268020.2                                                                   0
ENSG00000240361.1                                                                   0
                  PEC_BrainGVEX_UIC-UChicago_FC_mRNA_HiSeq2500_2015-2945_BH2VYLADXX_2
ENSG00000223972.4                                                                   8
ENSG00000227232.4                                                                   0
ENSG00000243485.2                                                                   0
ENSG00000237613.2                                                                   0
ENSG00000268020.2                                                                   0
ENSG00000240361.1                                                                   0
                  PEC_BrainGVEX_UIC-UChicago_FC_mRNA_HiSeq2500_2015-2946_AH7C72BCXX_1
ENSG00000223972.4                                                                   8
ENSG00000227232.4                                                                   0
ENSG00000243485.2                                                                   0
ENSG00000237613.2                                                                   0
ENSG00000268020.2                                                                   0
ENSG00000240361.1                                                                   0
                  PEC_BrainGVEX_UIC-UChicago_FC_mRNA_HiSeq2000_2015-2947_AC793AACXX_6
ENSG00000223972.4                                                                  13
ENSG00000227232.4                                                                   0
ENSG00000243485.2                                                                   0
ENSG00000237613.2                                                                   0
ENSG00000268020.2                                                                   0
ENSG00000240361.1                                                                   0
                  PEC_BrainGVEX_UIC-UChicago_FC_mRNA_HiSeq2000_2015-2948_AC793AACXX_6
ENSG00000223972.4                                                                  11
ENSG00000227232.4                                                                   0
ENSG00000243485.2                                                                   1
ENSG00000237613.2                                                                   0
ENSG00000268020.2                                                                   0
ENSG00000240361.1                                                                   0
                  PEC_BrainGVEX_UIC-UChicago_FC_mRNA_HiSeq2000_2015-2579_BC7BFJACXX_3
ENSG00000223972.4                                                                  16
ENSG00000227232.4                                                                   0
ENSG00000243485.2                                                                   0
ENSG00000237613.2                                                                   0
ENSG00000268020.2                                                                   0
ENSG00000240361.1                                                                   0
                  PEC_BrainGVEX_UIC-UChicago_FC_mRNA_HiSeq2000_2015-2580_BC7BFJACXX_3
ENSG00000223972.4                                                                   1
ENSG00000227232.4                                                                   0
ENSG00000243485.2                                                                   1
ENSG00000237613.2                                                                   0
ENSG00000268020.2                                                                   0
ENSG00000240361.1                                                                   0
                  PEC_BrainGVEX_UIC-UChicago_FC_mRNA_HiSeq2000_2015-2580_BHFVTVBCXX_2
ENSG00000223972.4                                                                   0
ENSG00000227232.4                                                                   0
ENSG00000243485.2                                                                   1
ENSG00000237613.2                                                                   0
ENSG00000268020.2                                                                   1
ENSG00000240361.1                                                                   0
                  PEC_BrainGVEX_UIC-UChicago_FC_mRNA_HiSeq2000_2015-2581_BC7BFJACXX_4
ENSG00000223972.4                                                                   3
ENSG00000227232.4                                                                   0
ENSG00000243485.2                                                                   0
ENSG00000237613.2                                                                   0
ENSG00000268020.2                                                                   0
ENSG00000240361.1                                                                   0
                  PEC_BrainGVEX_UIC-UChicago_FC_mRNA_HiSeq2000_2015-2581_BH7H3NBCXX_2
ENSG00000223972.4                                                                   3
ENSG00000227232.4                                                                   0
ENSG00000243485.2                                                                   0
ENSG00000237613.2                                                                   0
ENSG00000268020.2                                                                   0
ENSG00000240361.1                                                                   0
                  PEC_BrainGVEX_UIC-UChicago_FC_mRNA_HiSeq2000_2015-2949_AC793AACXX_4
ENSG00000223972.4                                                                  15
ENSG00000227232.4                                                                   0
ENSG00000243485.2                                                                   1
ENSG00000237613.2                                                                   0
ENSG00000268020.2                                                                   0
ENSG00000240361.1                                                                   0
                  PEC_BrainGVEX_UIC-UChicago_FC_mRNA_HiSeq2000_2015-2950_AC793AACXX_7
ENSG00000223972.4                                                                  18
ENSG00000227232.4                                                                   1
ENSG00000243485.2                                                                   3
ENSG00000237613.2                                                                   0
ENSG00000268020.2                                                                   0
ENSG00000240361.1                                                                   0
                  PEC_BrainGVEX_UIC-UChicago_FC_mRNA_HiSeq2000_2015-2606_AC7ATKACXX_4
ENSG00000223972.4                                                                  11
ENSG00000227232.4                                                                   0
ENSG00000243485.2                                                                   1
ENSG00000237613.2                                                                   0
ENSG00000268020.2                                                                   0
ENSG00000240361.1                                                                   0
                  PEC_BrainGVEX_UIC-UChicago_FC_mRNA_HiSeq2000_2015-2582_BC7BFJACXX_4
ENSG00000223972.4                                                                   5
ENSG00000227232.4                                                                   0
ENSG00000243485.2                                                                   0
ENSG00000237613.2                                                                   0
ENSG00000268020.2                                                                   0
ENSG00000240361.1                                                                   0
                  PEC_BrainGVEX_UIC-UChicago_FC_mRNA_HiSeq2500_2015-3170_BH2T37ADXX_2
ENSG00000223972.4                                                                  10
ENSG00000227232.4                                                                   0
ENSG00000243485.2                                                                   0
ENSG00000237613.2                                                                   0
ENSG00000268020.2                                                                   0
ENSG00000240361.1                                                                   0
                  PEC_BrainGVEX_UIC-UChicago_FC_mRNA_HiSeq2000_2015-2583_BC7BFJACXX_4
ENSG00000223972.4                                                                   2
ENSG00000227232.4                                                                   1
ENSG00000243485.2                                                                   1
ENSG00000237613.2                                                                   0
ENSG00000268020.2                                                                   0
ENSG00000240361.1                                                                   0
                  PEC_BrainGVEX_UIC-UChicago_FC_mRNA_HiSeq2000_2015-2583_BH7H3NBCXX_2
ENSG00000223972.4                                                                   2
ENSG00000227232.4                                                                   0
ENSG00000243485.2                                                                   0
ENSG00000237613.2                                                                   0
ENSG00000268020.2                                                                   0
ENSG00000240361.1                                                                   1
                  PEC_BrainGVEX_UIC-UChicago_FC_mRNA_HiSeq2000_2015-3227_BC7BFBACXX_2
ENSG00000223972.4                                                                  12
ENSG00000227232.4                                                                   1
ENSG00000243485.2                                                                   1
ENSG00000237613.2                                                                   0
ENSG00000268020.2                                                                   0
ENSG00000240361.1                                                                   0
                  PEC_BrainGVEX_UIC-UChicago_FC_mRNA_HiSeq2000_2015-2584_BC7BFJACXX_5
ENSG00000223972.4                                                                   3
ENSG00000227232.4                                                                   0
ENSG00000243485.2                                                                   1
ENSG00000237613.2                                                                   1
ENSG00000268020.2                                                                   0
ENSG00000240361.1                                                                   0
                  PEC_BrainGVEX_UIC-UChicago_FC_mRNA_HiSeq2000_2015-2585_BC7BFJACXX_5
ENSG00000223972.4                                                                   6
ENSG00000227232.4                                                                   1
ENSG00000243485.2                                                                   0
ENSG00000237613.2                                                                   0
ENSG00000268020.2                                                                   0
ENSG00000240361.1                                                                   0
                  PEC_BrainGVEX_UIC-UChicago_FC_mRNA_HiSeq2000_2015-3228_BC7BFBACXX_3
ENSG00000223972.4                                                                   8
ENSG00000227232.4                                                                   0
ENSG00000243485.2                                                                   2
ENSG00000237613.2                                                                   0
ENSG00000268020.2                                                                   0
ENSG00000240361.1                                                                   0
                  PEC_BrainGVEX_UIC-UChicago_FC_mRNA_HiSeq2000_2015-2951_AC793AACXX_8
ENSG00000223972.4                                                                  33
ENSG00000227232.4                                                                   6
ENSG00000243485.2                                                                   2
ENSG00000237613.2                                                                   0
ENSG00000268020.2                                                                   0
ENSG00000240361.1                                                                   0
                  PEC_BrainGVEX_UIC-UChicago_FC_mRNA_HiSeq2500_2015-3167_BH2T37ADXX_1
ENSG00000223972.4                                                                   3
ENSG00000227232.4                                                                   0
ENSG00000243485.2                                                                   0
ENSG00000237613.2                                                                   0
ENSG00000268020.2                                                                   0
ENSG00000240361.1                                                                   0
                  PEC_BrainGVEX_UIC-UChicago_FC_mRNA_HiSeq2000_2015-2607_BHCY55BCXX_1
ENSG00000223972.4                                                                  18
ENSG00000227232.4                                                                   0
ENSG00000243485.2                                                                   0
ENSG00000237613.2                                                                   0
ENSG00000268020.2                                                                   0
ENSG00000240361.1                                                                   0
                  PEC_BrainGVEX_UIC-UChicago_FC_mRNA_HiSeq2000_2015-2607_AC7ATKACXX_6
ENSG00000223972.4                                                                  16
ENSG00000227232.4                                                                   1
ENSG00000243485.2                                                                   2
ENSG00000237613.2                                                                   0
ENSG00000268020.2                                                                   0
ENSG00000240361.1                                                                   0
                  PEC_BrainGVEX_UIC-UChicago_FC_mRNA_HiSeq2000_2015-3231_AHGM7HBCXX_1
ENSG00000223972.4                                                                  24
ENSG00000227232.4                                                                   0
ENSG00000243485.2                                                                   0
ENSG00000237613.2                                                                   0
ENSG00000268020.2                                                                   6
ENSG00000240361.1                                                                   6
                  PEC_BrainGVEX_UIC-UChicago_FC_mRNA_HiSeq2000_2015-3231_BC7BFBACXX_4
ENSG00000223972.4                                                                  15
ENSG00000227232.4                                                                   0
ENSG00000243485.2                                                                   1
ENSG00000237613.2                                                                   0
ENSG00000268020.2                                                                   4
ENSG00000240361.1                                                                   4
                  PEC_BrainGVEX_UIC-UChicago_FC_mRNA_HiSeq2500_2015-3232_BHFVTVBCXX_1
ENSG00000223972.4                                                                  12
ENSG00000227232.4                                                                   0
ENSG00000243485.2                                                                   0
ENSG00000237613.2                                                                   0
ENSG00000268020.2                                                                   1
ENSG00000240361.1                                                                   0
                  PEC_BrainGVEX_UIC-UChicago_FC_mRNA_HiSeq2000_2015-2586_BC7BFJACXX_5
ENSG00000223972.4                                                                  14
ENSG00000227232.4                                                                   0
ENSG00000243485.2                                                                   0
ENSG00000237613.2                                                                   0
ENSG00000268020.2                                                                   0
ENSG00000240361.1                                                                   0
                  PEC_BrainGVEX_UIC-UChicago_FC_mRNA_HiSeq2000_2015-2587_BC7BFJACXX_6
ENSG00000223972.4                                                                   6
ENSG00000227232.4                                                                   0
ENSG00000243485.2                                                                   2
ENSG00000237613.2                                                                   0
ENSG00000268020.2                                                                   0
ENSG00000240361.1                                                                   0
                  PEC_BrainGVEX_UIC-UChicago_FC_mRNA_HiSeq2000_2015-2588_BC7BFJACXX_6
ENSG00000223972.4                                                                  10
ENSG00000227232.4                                                                   0
ENSG00000243485.2                                                                   0
ENSG00000237613.2                                                                   0
ENSG00000268020.2                                                                   0
ENSG00000240361.1                                                                   0
                  PEC_BrainGVEX_UIC-UChicago_FC_mRNA_HiSeq2000_2015-2952_AC793AACXX_5
ENSG00000223972.4                                                                   6
ENSG00000227232.4                                                                   0
ENSG00000243485.2                                                                   1
ENSG00000237613.2                                                                   0
ENSG00000268020.2                                                                   0
ENSG00000240361.1                                                                   0
                  PEC_BrainGVEX_UIC-UChicago_FC_mRNA_HiSeq2000_2015-3079_AC793AACXX_5
ENSG00000223972.4                                                                   2
ENSG00000227232.4                                                                   0
ENSG00000243485.2                                                                   1
ENSG00000237613.2                                                                   0
ENSG00000268020.2                                                                   0
ENSG00000240361.1                                                                   0
                  PEC_BrainGVEX_UIC-UChicago_FC_mRNA_HiSeq2000_2015-2589_BC7BFJACXX_6
ENSG00000223972.4                                                                   9
ENSG00000227232.4                                                                   0
ENSG00000243485.2                                                                   1
ENSG00000237613.2                                                                   0
ENSG00000268020.2                                                                   0
ENSG00000240361.1                                                                   0
                  PEC_BrainGVEX_UIC-UChicago_FC_mRNA_HiSeq2000_2015-2590_BC7BFJACXX_7
ENSG00000223972.4                                                                   5
ENSG00000227232.4                                                                   0
ENSG00000243485.2                                                                   1
ENSG00000237613.2                                                                   0
ENSG00000268020.2                                                                   0
ENSG00000240361.1                                                                   0
                  PEC_BrainGVEX_UIC-UChicago_FC_mRNA_HiSeq2500_2015-3080_AH7C72BCXX_2
ENSG00000223972.4                                                                  10
ENSG00000227232.4                                                                   1
ENSG00000243485.2                                                                   1
ENSG00000237613.2                                                                   0
ENSG00000268020.2                                                                   0
ENSG00000240361.1                                                                   0
                  PEC_BrainGVEX_UIC-UChicago_FC_mRNA_HiSeq2500_2015-2608_BHCY55BCXX_1
ENSG00000223972.4                                                                   5
ENSG00000227232.4                                                                   0
ENSG00000243485.2                                                                   1
ENSG00000237613.2                                                                   0
ENSG00000268020.2                                                                   0
ENSG00000240361.1                                                                   0
                  PEC_BrainGVEX_UIC-UChicago_FC_mRNA_HiSeq2000_2015-3081_AC793AACXX_4
ENSG00000223972.4                                                                   0
ENSG00000227232.4                                                                   0
ENSG00000243485.2                                                                   1
ENSG00000237613.2                                                                   0
ENSG00000268020.2                                                                   0
ENSG00000240361.1                                                                   0
                  PEC_BrainGVEX_UIC-UChicago_FC_mRNA_HiSeq2000_2015-2591_BC7BFJACXX_7
ENSG00000223972.4                                                                   5
ENSG00000227232.4                                                                   0
ENSG00000243485.2                                                                   1
ENSG00000237613.2                                                                   0
ENSG00000268020.2                                                                   0
ENSG00000240361.1                                                                   0
                  PEC_BrainGVEX_UIC-UChicago_FC_mRNA_HiSeq2000_2015-2592_BC7BFJACXX_7
ENSG00000223972.4                                                                   2
ENSG00000227232.4                                                                   1
ENSG00000243485.2                                                                   0
ENSG00000237613.2                                                                   0
ENSG00000268020.2                                                                   0
ENSG00000240361.1                                                                   1
                  PEC_BrainGVEX_UIC-UChicago_FC_mRNA_HiSeq2000_2015-3082_AC793AACXX_7
ENSG00000223972.4                                                                   7
ENSG00000227232.4                                                                   0
ENSG00000243485.2                                                                   0
ENSG00000237613.2                                                                   0
ENSG00000268020.2                                                                   0
ENSG00000240361.1                                                                   0
                  PEC_BrainGVEX_UIC-UChicago_FC_mRNA_HiSeq2000_2015-3233_BC7L2EACXX_5
ENSG00000223972.4                                                                  21
ENSG00000227232.4                                                                   0
ENSG00000243485.2                                                                   2
ENSG00000237613.2                                                                   0
ENSG00000268020.2                                                                   0
ENSG00000240361.1                                                                   0
                  PEC_BrainGVEX_UIC-UChicago_FC_mRNA_HiSeq2500_2015-3083_AH7C72BCXX_2
ENSG00000223972.4                                                                   9
ENSG00000227232.4                                                                   2
ENSG00000243485.2                                                                   2
ENSG00000237613.2                                                                   0
ENSG00000268020.2                                                                   0
ENSG00000240361.1                                                                   0
                  PEC_BrainGVEX_UIC-UChicago_FC_mRNA_HiSeq2000_2015-2593_BC7BFJACXX_8
ENSG00000223972.4                                                                   6
ENSG00000227232.4                                                                   0
ENSG00000243485.2                                                                   2
ENSG00000237613.2                                                                   0
ENSG00000268020.2                                                                   0
ENSG00000240361.1                                                                   0
                  PEC_BrainGVEX_UIC-UChicago_FC_mRNA_HiSeq2000_2015-2594_BC7BFJACXX_8
ENSG00000223972.4                                                                   1
ENSG00000227232.4                                                                   1
ENSG00000243485.2                                                                   0
ENSG00000237613.2                                                                   0
ENSG00000268020.2                                                                   1
ENSG00000240361.1                                                                   2
                  PEC_BrainGVEX_UIC-UChicago_FC_mRNA_HiSeq2000_2015-2595_BC7BFJACXX_8
ENSG00000223972.4                                                                   4
ENSG00000227232.4                                                                   0
ENSG00000243485.2                                                                   0
ENSG00000237613.2                                                                   0
ENSG00000268020.2                                                                   0
ENSG00000240361.1                                                                   0
                  PEC_BrainGVEX_UIC-UChicago_FC_mRNA_HiSeq2000_2015-2595_AH72CVBCXX_2
ENSG00000223972.4                                                                   9
ENSG00000227232.4                                                                   0
ENSG00000243485.2                                                                   0
ENSG00000237613.2                                                                   0
ENSG00000268020.2                                                                   0
ENSG00000240361.1                                                                   0
                  PEC_BrainGVEX_UIC-UChicago_FC_mRNA_HiSeq2500_2015-3084_BH7H7GBCXX_1
ENSG00000223972.4                                                                  10
ENSG00000227232.4                                                                   0
ENSG00000243485.2                                                                   0
ENSG00000237613.2                                                                   0
ENSG00000268020.2                                                                   0
ENSG00000240361.1                                                                   0
> 
> ### Calculate RPKM 
> bg <- matrix(
+   rep(pd$totalMapped), 
+   nc = nrow(pd), 
+   nr = nrow(geneCounts),	
+   byrow = TRUE)
> widG <- matrix(
+   rep(geneMap$Length), 
+   nr = nrow(geneCounts), 
+ 	nc = nrow(pd),	
+   byrow = FALSE)
> geneRpkm <- geneCounts / (widG/1000) / (bg/1e6)
> 
> ### number of reads assigned 
> geneStatList <- lapply(
+   paste0(geneFn, ".summary"), 
+ 	read.delim,
+   row.names = 1)
> geneStats <- do.call("cbind", geneStatList)
> colnames(geneStats) <- pd$FileName 
> pd$totalAssignedGene <- as.numeric(geneStats[1, ] / colSums(geneStats))
> 
> 
> # Exon counts ---------------------------------
> ### Filenames
> exonFn <- paste0("counts/exons/", pd$FileName, ".counts")
> names(exonFn) = pd$FileName
> all(file.exists(exonFn))
[1] TRUE
> 
> ### Load exon annotation 
> exonMap <- read.delim(exonFn[1], skip = 1, as.is = TRUE)[ ,1:6]
> exonMap$Symbol <- sym$hgnc_symbol[match(exonMap$Geneid, 
+                                         sym$ensembl_gene_id)]
> exonMap$EntrezID <- sym$entrezgene[match(exonMap$Geneid, 
+                                          sym$ensembl_gene_id)]
> rownames(exonMap) <- paste0("e", rownames(exonMap))
> exonMap$Chr <- paste0("chr", exonMap$Chr)
> 
> ### Load counts
> exonCountList <- mclapply(exonFn, function(x) {
+ 	cat(".")
+ 	read.delim(pipe(paste("cut -f7", x)), as.is = TRUE, skip = 1)[ ,1]
+ }, mc.cores = 12)
....................................................................................................................> exonCounts <- do.call("cbind", exonCountList)
> rownames(exonCounts) <- rownames(exonMap)
> 
> ### Put in order
> exonCounts <- exonCounts[ , pd$FileName] 
> 
> ### Remove duplicates
> eMap <- GRanges(exonMap$Chr, IRanges(exonMap$Start, exonMap$End))
> keepIndex <- which(!duplicated(eMap))
> exonCounts <- exonCounts[keepIndex, ]
> exonMap <- exonMap[keepIndex, ]
> 
> ### Calculate RPKM
> bgE <- matrix(
+   rep(pd$totalMapped), 
+   nc = nrow(pd), 
+ 	nr = nrow(exonCounts),	
+   byrow = TRUE)
> widE <- matrix(
+   rep(exonMap$Length), 
+   nr = nrow(exonCounts), 
+ 	nc = nrow(pd),	
+   byrow = FALSE)
> exonRpkm = exonCounts / (widE/1000) / (bgE/1e6)
> 
>  
> # Save counts ----------------------------
> save(pd, 
+      geneCounts, geneMap, 
+      exonCounts, exonMap, 
+      compress = TRUE,
+      file = "rawCounts_n20_genes_exons_pfc.rda")
> save(pd, 
+      geneRpkm,	geneMap, 
+      exonRpkm, exonMap, 
+      compress = TRUE,
+      file = "rpkmCounts_n20_genes_exons_pfc.rda")
> 
> # Write out for coverage ------------------
> write_tsv(pd, "samples_with_bams_pfc.txt")
> 
> # Session info ---------------------------
> library(sessioninfo)
> sessioninfo::session_info()
─ Session info ───────────────────────────────────────────────────────────────
 setting  value                       
 version  R version 3.2.3 (2015-12-10)
 os       CentOS release 6.5 (Final)  
 system   x86_64, linux-gnu           
 ui       X11                         
 language (EN)                        
 collate  en_US.UTF-8                 
 tz       <NA>                        
 date     2018-03-07                  

─ Packages ───────────────────────────────────────────────────────────────────
 package              * version   date       source         
 AnnotationDbi        * 1.32.3    2016-08-01 Bioconductor   
 assertthat             0.2.0     2017-04-11 CRAN (R 3.2.3) 
 Biobase              * 2.30.0    2016-08-01 Bioconductor   
 BiocGenerics         * 0.16.1    2016-08-01 Bioconductor   
 BiocParallel           1.4.3     2016-08-01 Bioconductor   
 biomaRt              * 2.26.1    2017-02-09 Bioconductor   
 Biostrings             2.38.4    2016-08-01 Bioconductor   
 bit                    1.1-12    2014-04-09 CRAN (R 3.2.3) 
 bit64                  0.9-7     2017-05-08 CRAN (R 3.2.3) 
 bitops                 1.0-6     2013-08-17 CRAN (R 3.2.3) 
 blob                   1.1.0     2017-06-17 CRAN (R 3.2.3) 
 cli                    1.0.0     2017-11-05 CRAN (R 3.2.3) 
 clisymbols             1.2.0     2017-05-21 CRAN (R 3.2.3) 
 crayon                 1.3.4     2017-09-16 CRAN (R 3.2.3) 
 DBI                    0.8       2018-03-02 CRAN (R 3.2.3) 
 digest                 0.6.12    2017-01-27 CRAN (R 3.2.3) 
 futile.logger          1.4.3     2016-07-10 CRAN (R 3.2.3) 
 futile.options         1.0.0     2010-04-06 CRAN (R 3.2.3) 
 GenomeInfoDb         * 1.6.3     2016-08-01 Bioconductor   
 GenomicAlignments      1.6.3     2016-08-01 Bioconductor   
 GenomicFeatures      * 1.22.13   2016-08-01 Bioconductor   
 GenomicRanges        * 1.22.4    2018-02-02 Bioconductor   
 hms                    0.4.1     2018-01-24 CRAN (R 3.2.3) 
 IRanges              * 2.4.8     2016-08-01 Bioconductor   
 lambda.r               1.2       2017-09-16 CRAN (R 3.2.3) 
 magrittr             * 1.5       2014-11-22 CRAN (R 3.2.3) 
 memoise                1.1.0     2017-04-21 CRAN (R 3.2.3) 
 org.Hs.eg.db         * 3.2.3     2017-02-07 Bioconductor   
 pillar                 1.2.1     2018-02-27 CRAN (R 3.2.3) 
 pkgconfig              2.0.1     2017-03-21 CRAN (R 3.2.3) 
 R6                     2.2.2     2017-06-17 CRAN (R 3.2.3) 
 Rcpp                   0.12.15   2018-01-20 cran (@0.12.15)
 RCurl                  1.95-4.10 2018-01-04 CRAN (R 3.2.3) 
 readr                * 1.1.1     2017-05-16 CRAN (R 3.2.3) 
 rlang                  0.2.0     2018-02-20 CRAN (R 3.2.3) 
 Rsamtools              1.22.0    2016-08-01 Bioconductor   
 RSQLite              * 2.0       2017-06-19 CRAN (R 3.2.3) 
 rtracklayer            1.30.4    2016-08-01 Bioconductor   
 S4Vectors            * 0.8.11    2016-08-01 Bioconductor   
 sessioninfo          * 1.0.0     2017-06-21 CRAN (R 3.2.3) 
 SummarizedExperiment   1.0.2     2016-08-01 Bioconductor   
 tibble                 1.4.2     2018-01-22 CRAN (R 3.2.3) 
 utf8                   1.1.3     2018-01-03 CRAN (R 3.2.3) 
 withr                  2.1.1     2017-12-19 CRAN (R 3.2.3) 
 XML                    3.98-1.10 2018-02-19 CRAN (R 3.2.3) 
 XVector                0.10.0    2016-08-01 Bioconductor   
 zlibbioc               1.16.0    2016-08-01 Bioconductor   
> Sys.time()
[1] "2018-03-07 05:43:52 EST"
> proc.time()
   user  system elapsed 
289.933  24.253 131.905 
> 
> 
> proc.time()
   user  system elapsed 
289.933  24.253 131.905 
